/Users/rwalters/GitHub/gf180-parasynth/.loom/worktrees/issue-107/tools/measure_partial_balance.py:93: WavFileWarning: Reached EOF prematurely; finished at 132346 bytes, expected 132347 bytes from header.
  sr, x = wavfile.read(str(path))
PROVENANCE
    commit 691006e9a35891cb511bb450b85cbabc08315080 (feature/issue-107)  dirty=True
    model/drums_fx.py            sha256:54c0945c627e7fe2
    model/audio_measure.py       sha256:ff1ae641f70752d1
    docs/scorecard/cases.csv     sha256:7ca634a856eeb8cc
    reference corpus            /tmp/tr808-ref  (Fischer/Technopolis 1994, CC0-1.0, real TR-808 s/n 103852)
    run_at                      2026-09-27T09:24:42Z

==============================================================================================
RS   (estimator error +-2.4 dB, floor margin 6 dB)
==============================================================================================
  reference  rs8/RS.WAV sha256:20d5cd385c0f8c3a
             lines actually present: low   457.10 Hz   high  1710.75 Hz   record floor RMS 8.15e-05
  ours       drums_fx render, accent 1.0, bus 0.45
             lines actually present: low   451.80 Hz   high  1795.00 Hz   record floor RMS 0.00e+00

    t (ms)   reference        ours     ERROR   headroom over each record's floor
       4.0        5.85      -12.94    -18.78   ref  72.8/ 66.9  ours   inf/  inf
       6.0       -4.23      -15.05    -10.82   ref  65.2/ 69.4  ours   inf/  inf
       8.0      -11.64      -16.91     -5.27   ref  55.7/ 67.3  ours   inf/  inf
      10.0      -19.48      -18.44      1.04   ref  42.8/ 62.3  ours   inf/  inf
      12.0      -17.86      -19.98     -2.12   ref  33.6/ 51.4  ours   inf/  inf
      16.0     REFUSED      -22.05         -   ref  -5.8/ 17.9  ours   inf/  inf

  the scorecard's own number, reproduced:
    ours       -11.3648 dB
    reference   +5.7507 dB

==============================================================================================
CB   (estimator error +-1.1 dB, floor margin 6 dB)
==============================================================================================
  reference  cb8/CB.WAV sha256:1468cbd6c75a1f23
             lines actually present: low   558.35 Hz   high   823.70 Hz   record floor RMS 8.53e-05
  ours       drums_fx render, accent 1.0, bus 0.45
             lines actually present: low   540.10 Hz   high   800.00 Hz   record floor RMS 2.10e-04

    t (ms)   reference        ours     ERROR   headroom over each record's floor
      30.0       15.35       15.73      0.37   ref  64.9/ 49.5  ours  63.3/ 47.6
      60.0       14.86       15.36      0.50   ref  60.5/ 45.6  ours  60.8/ 45.5
     100.0       14.58       14.93      0.36   ref  57.6/ 43.1  ours  57.5/ 42.6
     200.0       14.17       13.64     -0.53   ref  50.4/ 36.3  ours  49.3/ 35.6
     300.0       12.87       12.34     -0.53   ref  42.0/ 29.1  ours  41.0/ 28.7
     400.0       11.33       11.02     -0.31   ref  32.7/ 21.4  ours  32.8/ 21.8

  the scorecard's own number, reproduced:
    ours       +15.6010 dB
    reference  +15.1527 dB
