==============================================================================
PASS           706.3s  /Users/joseph/dev/gf180-parasynth/.venv/bin/python rtl-sketch/verify_voice.py --set quick --only f1cal --filter2x --outdir build/voice-f1cal
                [f1cal] surge-type2-clean-v1 at 1000 Hz, res 1.1, drive 1.0 (gain 42598, ogain 322639): frames 5760..7199 (1440), 4 writes; blep windows 18; gate on 1440/1440, trig 0
                7200 frames, 166 register writes; final amp level 16777215, filt level 10652223
              verify_voice: simulating voice_dp.v (recip_div.v, ladder_dp_n.v, osc_2x_saw_path.v, polyblep_saw_pair.v, osc_substep_pair.v, decimate_2x_tm_sym.v, osc_2x_saw_bank.v, rate_conv_2x.v; defines VOICE_OSC_2X, VOICE_FILTER_2X), 7200 frames, 166 writes at the register port
                sim: tb_voice: 166 writes, 7200 frames, 0 sample mismatches, worst |error| 0 LSB
                sim: tb_voice: cycles from go to sample_valid: best 85, mean 85, worst 148 (chip: go at cycle 8 of 256)
                sim: tb_voice: PASS
                sim: tb_voice.v:179: $finish called at 36864111000 (1ps)
              verify_voice: cycles from go to sample_valid: best 85, mean 85.0, worst 148 (of 256 - 8 in the chip)
                [f1cal] 1440 frames: 0 sample mismatches, 0 tap mismatches
                [f1cal] 1440 frames: 0 sample mismatches, 0 tap mismatches
                [f1cal] 1440 frames: 0 sample mismatches, 0 tap mismatches
                [f1cal] 1440 frames: 0 sample mismatches, 0 tap mismatches
                [f1cal] 1440 frames: 0 sample mismatches, 0 tap mismatches
              verify_voice: PASS -- 7200 frames, every sample and every tap identical to the model; final state identical
PASS           706.7s  /Users/joseph/dev/gf180-parasynth/.venv/bin/python rtl-sketch/verify_voice.py --set quick --only f1cal --filter2x --f1cal-fault LEGACY_WORDS --expect-fail --outdir build/voice-f1cal-fault
                sim: tb_voice: FAIL
                sim: tb_voice.v:179: $finish called at 36864111000 (1ps)
              verify_voice: cycles from go to sample_valid: best 85, mean 85.0, worst 148 (of 256 - 8 in the chip)
                [f1cal] 1440 frames: 1410 sample mismatches, 4237 tap mismatches
                [f1cal] 1440 frames: 1440 sample mismatches, 4320 tap mismatches
                [f1cal] 1440 frames: 1388 sample mismatches, 4224 tap mismatches
                [f1cal] 1440 frames: 1440 sample mismatches, 4320 tap mismatches
                [f1cal] 1440 frames: 1440 sample mismatches, 4320 tap mismatches
              verify_voice: FAIL -- 7118 of 7200 samples differ; tap mismatches: y19 7152, v 7151, out_v 7118
                first sample mismatch at frame 29 [f1cal]: model 1, RTL 0
                first y19 mismatch at frame 26 [f1cal]: model 1, RTL 0
                first v mismatch at frame 27 [f1cal]: model 1, RTL 0
                first out_v mismatch at frame 29 [f1cal]: model 1, RTL 0
              verify_voice: negative control  CAUGHT (comparison failed as required)
PASS           828.9s  /Users/joseph/dev/gf180-parasynth/.venv/bin/python rtl-sketch/verify_synth_top.py --f1cal-smoke surge-type2-clean-v1 --outdir build/top-f1cal
              verify_synth_top: simulator backend iverilog
                sim: tb_top_bx: status word on MISO = 4d210001
                sim: tb_top_bx: 50 writes sent, 5842 frames, 5841 I2S periods decoded
                sim: tb_top_bx: transactions accepted at the pin 50, writes drained 50, landing frame differs from the pin prediction 0 times (must be 0)
                sim: tb_top_bx: sample strobed in 5842 frames, MISSING in 0, worst strobe cycle 175 of 256
                sim: tb_top_bx: datapath busy at a tick: 0 (must be 0); overrun 0; overflow 0
              verify_synth_top: built from c024716-dirty, outdir /private/tmp/wt-f1-calib/build/top-f1cal; synth_top.v e4f8d97b9785, drum_kit.v 41bdf7a73aaa, drum_regs.v c20808c86b23; ROMs tanh16.hex a5c4862a7e90, tanh256.hex c6e81324b225; every source from rtl-sketch/
              verify_synth_top: NOTE -- the core strobes its sample as late as cycle 175 of 256, past the LRCLK transition at 128 (32 % of the frame still spare, no overrun). A right-channel-only defect is INVISIBLE at the pins in this configuration: see the I2S_SWAP entry in the Makefile's controls target
              verify_synth_top: F1 calibration words at the register port: addr 0x1d frame 44 requested 42598 arrived 42598; addr 0x1e frame 45 requested 100825 arrived 100825; addr 0x2a frame 53 requested 42598 arrived 42598; addr 0x2b frame 55 requested 100825 arrived 100825; addr 0x1d frame 3678 requested 42598 arrived 42598; addr 0x1e frame 3679 requested 201649 arrived 201649
              verify_synth_top: writes landed in frames 2..4880; modelling 5841 frames
              verify_synth_top: model peak |sample| 13938 of 32768 (0 frames at the rail); drums |dmix| max 0, |body| max 0, DFILT engaged in 0 frames
              verify_synth_top: F1 calibration wire sha256 9d22ca7bc21dad80, model sha256 9d22ca7bc21dad80, wire peak 13938, 5841 periods
              verify_synth_top: PASS -- 5841 I2S periods decoded from the wire, every one identical to the model; both channels agree; every slot 32 BCLK; the core's own stream matches too
              verify_synth_top: F1 calibration surge-type2-clean-v1 words verified at the register port and its output verified from SPI pins to I2S pins
PASS           835.0s  /Users/joseph/dev/gf180-parasynth/.venv/bin/python rtl-sketch/verify_synth_top.py --f1cal-smoke surge-type2-clean-v1 --f1cal-fault LEGACY_WORDS --expect-fail --outdir build/top-f1cal-fault
                sim: tb_top_bx: status word on MISO = 4d210001
                sim: tb_top_bx: 50 writes sent, 5842 frames, 5841 I2S periods decoded
                sim: tb_top_bx: transactions accepted at the pin 50, writes drained 50, landing frame differs from the pin prediction 0 times (must be 0)
                sim: tb_top_bx: sample strobed in 5842 frames, MISSING in 0, worst strobe cycle 175 of 256
                sim: tb_top_bx: datapath busy at a tick: 0 (must be 0); overrun 0; overflow 0
              verify_synth_top: built from c024716-dirty, outdir /private/tmp/wt-f1-calib/build/top-f1cal-fault; synth_top.v e4f8d97b9785, drum_kit.v 41bdf7a73aaa, drum_regs.v c20808c86b23; ROMs tanh16.hex a5c4862a7e90, tanh256.hex c6e81324b225; every source from rtl-sketch/
              verify_synth_top: NOTE -- the core strobes its sample as late as cycle 175 of 256, past the LRCLK transition at 128 (32 % of the frame still spare, no overrun). A right-channel-only defect is INVISIBLE at the pins in this configuration: see the I2S_SWAP entry in the Makefile's controls target
              verify_synth_top: F1 calibration words at the register port: addr 0x1d frame 44 requested 42598 arrived 170394; addr 0x1e frame 45 requested 100825 arrived 25206; addr 0x2a frame 53 requested 42598 arrived 170394; addr 0x2b frame 55 requested 100825 arrived 25206; addr 0x1d frame 3678 requested 42598 arrived 170394; addr 0x1e frame 3679 requested 201649 arrived 50412
              verify_synth_top: FAIL -- 6 of 6 gain/ogain writes arrived with words other than calibration surge-type2-clean-v1's
              verify_synth_top: writes landed in frames 2..4880; modelling 5841 frames
              verify_synth_top: model peak |sample| 13938 of 32768 (0 frames at the rail); drums |dmix| max 0, |body| max 0, DFILT engaged in 0 frames
              verify_synth_top: F1 calibration wire sha256 f868cc79f061eea6, model sha256 9d22ca7bc21dad80, wire peak 17998, 5841 periods
              verify_synth_top: FAIL -- calibration words did not arrive; of 5841 I2S periods 5718 differ from the model of the requested image
              verify_synth_top: negative control ? CAUGHT (comparison failed as required)
PASS           961.0s  /Users/joseph/dev/gf180-parasynth/.venv/bin/python tools/run_case.py F1A F1B F1C
              reference corpus: /tmp/tr808-ref
              results into:     /private/tmp/wt-f1-calib/docs/scorecard/results
              case   state         worst  note
              ------------------------------------------------------------------------------------------------
              F1A    pass           0.76  
              F1B    pass           0.42  
              F1C    pass           0.36  
              ------------------------------------------------------------------------------------------------
              pass: 3
              exit 0: 0 match, 1 mismatch (a result), 2 did not run (no evidence)
PASS           979.4s  /Users/joseph/dev/gf180-parasynth/.venv/bin/python tools/run_case.py --inject REF_PROFILE_MISSING F1A F1B F1C --results build/case-f1-noclip --expect 'no verdict'
              reference corpus: /tmp/tr808-ref
              results into:     build/case-f1-noclip
              INJECTED CONTROL: REF_PROFILE_MISSING -- this output is a control, not evidence
              case   state         worst  note
              ------------------------------------------------------------------------------------------------
              CONTROL BASELINE: measuring the same cases without the injection
              CONTROL BASELINE: complete
              F1A    no verdict       --  invalid: Corner frequency, low-band gain, rolloff
              F1B    no verdict       --  invalid: Corner frequency, low-band gain, rolloff
              F1C    no verdict       --  invalid: Corner frequency, low-band gain, rolloff
              ------------------------------------------------------------------------------------------------
              no verdict: 3
              control fired: REF_PROFILE_MISSING caused the expected result on 3 measured case(s)
PASS           997.3s  /Users/joseph/dev/gf180-parasynth/.venv/bin/python tools/run_case.py --inject REF_PROFILE_TAMPERED F1A F1B F1C --results build/case-f1-badhash --expect 'no verdict'
              reference corpus: /tmp/tr808-ref
              results into:     build/case-f1-badhash
              INJECTED CONTROL: REF_PROFILE_TAMPERED -- this output is a control, not evidence
              case   state         worst  note
              ------------------------------------------------------------------------------------------------
              CONTROL BASELINE: measuring the same cases without the injection
              CONTROL BASELINE: complete
              F1A    no verdict       --  invalid: Corner frequency, low-band gain, rolloff
              F1B    no verdict       --  invalid: Corner frequency, low-band gain, rolloff
              F1C    no verdict       --  invalid: Corner frequency, low-band gain, rolloff
              ------------------------------------------------------------------------------------------------
              no verdict: 3
              control fired: REF_PROFILE_TAMPERED caused the expected result on 3 measured case(s)
NO-VERDICT    1639.2s  /Users/joseph/dev/gf180-parasynth/.venv/bin/python tools/run_case.py --inject REF_CORNER_2X F1A F1B F1C --results build/case-f1-corner2x --expect fail
              CONTROL REFUSED: F1C injected run has no valid measured verdict
              reference corpus: /tmp/tr808-ref
              results into:     build/case-f1-corner2x
              INJECTED CONTROL: REF_CORNER_2X -- this output is a control, not evidence
              case   state         worst  note
              ------------------------------------------------------------------------------------------------
              CONTROL BASELINE: measuring the same cases without the injection
              CONTROL BASELINE: complete
              F1A    fail           8.72  worst: Corner frequency
              F1B    fail           9.29  worst: Corner frequency
              F1C    no verdict       --  invalid: rolloff
              ------------------------------------------------------------------------------------------------
              fail: 2  no verdict: 1
PASS           993.2s  /Users/joseph/dev/gf180-parasynth/.venv/bin/python tools/run_case.py --inject F1_LEGACY_SUBSTITUTE F1A F1B F1C --results build/case-f1-legacy --expect 'no verdict'
              reference corpus: /tmp/tr808-ref
              results into:     build/case-f1-legacy
              INJECTED CONTROL: F1_LEGACY_SUBSTITUTE -- this output is a control, not evidence
              case   state         worst  note
              ------------------------------------------------------------------------------------------------
              CONTROL BASELINE: measuring the same cases without the injection
              CONTROL BASELINE: complete
              F1A    no verdict       --  invalid: Corner frequency, low-band gain, rolloff
              F1B    no verdict       --  invalid: Corner frequency, low-band gain, rolloff
              F1C    no verdict       --  invalid: Corner frequency, low-band gain, rolloff
              ------------------------------------------------------------------------------------------------
              no verdict: 3
              control fired: F1_LEGACY_SUBSTITUTE caused the expected result on 3 measured case(s)
PASS           308.4s  /Users/joseph/dev/gf180-parasynth/.venv/bin/python -m pytest model/test_filter_calibration.py tools/test_run_case.py tools/test_f1_selected_path.py tools/test_f1_level_scaling.py -q
              ..................................................ssss.................. [ 53%]
              ...............................................................          [100%]
              131 passed, 4 skipped in 288.65s (0:04:48)
==============================================================================
9/10 passed  --  NO-VERDICT /Users/joseph/dev/gf180-parasynth/.venv/bin/
