Copyright 1986-2022 Xilinx, Inc. All Rights Reserved. Copyright 2022-2025 Advanced Micro Devices, Inc. All Rights Reserved.
---------------------------------------------------------------------------------------------------------------------------------------------
| Tool Version : Vivado v.2025.1 (lin64) Build 6140274 Wed May 21 22:58:25 MDT 2025
| Date         : Tue Sep 29 03:41:27 2026
| Command      : report_timing_summary -check_timing_verbose -file <box>/build/arty-pads/timing.rpt
| Design       : arty_a7_pads_top
| Device       : 7a100t-csg324
| Speed File   : -1  PRODUCTION 1.23 2018-06-13
| Design State : Routed
---------------------------------------------------------------------------------------------------------------------------------------------

Timing Summary Report

------------------------------------------------------------------------------------------------
| Timer Settings
| --------------
------------------------------------------------------------------------------------------------

  Enable Multi Corner Analysis               :  Yes
  Enable Pessimism Removal                   :  Yes
  Pessimism Removal Resolution               :  Nearest Common Node
  Enable Input Delay Default Clock           :  No
  Enable Preset / Clear Arcs                 :  No
  Disable Flight Delays                      :  No
  Ignore I/O Paths                           :  No
  Timing Early Launch at Borrowing Latches   :  No
  Borrow Time for Max Delay Exceptions       :  Yes
  Merge Timing Exceptions                    :  Yes
  Inter-SLR Compensation                     :  Conservative

  Corner  Analyze    Analyze    
  Name    Max Paths  Min Paths  
  ------  ---------  ---------  
  Slow    Yes        Yes        
  Fast    Yes        Yes        


------------------------------------------------------------------------------------------------
| Report Methodology
| ------------------
------------------------------------------------------------------------------------------------

No report available as report_methodology has not been run prior. Run report_methodology on the current design for the summary of methodology violations.



check_timing report

Table of Contents
-----------------
1. checking no_clock (0)
2. checking constant_clock (0)
3. checking pulse_width_clock (0)
4. checking unconstrained_internal_endpoints (0)
5. checking no_input_delay (10)
6. checking no_output_delay (1)
7. checking multiple_clock (0)
8. checking generated_clocks (0)
9. checking loops (0)
10. checking partial_input_delay (0)
11. checking partial_output_delay (0)
12. checking latch_loops (0)

1. checking no_clock (0)
------------------------
 There are 0 register/latch pins with no clock.


2. checking constant_clock (0)
------------------------------
 There are 0 register/latch pins with constant_clock.


3. checking pulse_width_clock (0)
---------------------------------
 There are 0 register/latch pins which need pulse_width check


4. checking unconstrained_internal_endpoints (0)
------------------------------------------------
 There are 0 pins that are not constrained for maximum delay.

 There are 0 pins that are not constrained for maximum delay due to constant clock.


5. checking no_input_delay (10)
-------------------------------
 There are 0 input ports with no input delay specified.

 There are 10 input ports with no input delay but user has a false path constraint. (MEDIUM)

btn[0]
btn[1]
btn[2]
btn[3]
spi_cs_n
spi_mosi
spi_sck
sw_pads
sw_reset
uart_rxd


6. checking no_output_delay (1)
-------------------------------
 There are 0 ports with no output delay specified.

 There are 0 ports with no output delay but user has a false path constraint

 There is 1 port with no output delay but with a timing clock defined on it or propagating through it (LOW)

i2s_bclk


7. checking multiple_clock (0)
------------------------------
 There are 0 register/latch pins with multiple clocks.


8. checking generated_clocks (0)
--------------------------------
 There are 0 generated clocks that are not connected to a clock source.


9. checking loops (0)
---------------------
 There are 0 combinational loops in the design.


10. checking partial_input_delay (0)
------------------------------------
 There are 0 input ports with partial input delay specified.


11. checking partial_output_delay (0)
-------------------------------------
 There are 0 ports with partial output delay specified.


12. checking latch_loops (0)
----------------------------
 There are 0 combinational latch loops in the design through latch input



------------------------------------------------------------------------------------------------
| Design Timing Summary
| ---------------------
------------------------------------------------------------------------------------------------

    WNS(ns)      TNS(ns)  TNS Failing Endpoints  TNS Total Endpoints      WHS(ns)      THS(ns)  THS Failing Endpoints  THS Total Endpoints     WPWS(ns)     TPWS(ns)  TPWS Failing Endpoints  TPWS Total Endpoints  
    -------      -------  ---------------------  -------------------      -------      -------  ---------------------  -------------------     --------     --------  ----------------------  --------------------  
     15.820        0.000                      0                44078        0.030        0.000                      0                44078        3.000        0.000                       0                 14098  


All user specified timing constraints are met.


------------------------------------------------------------------------------------------------
| Clock Summary
| -------------
------------------------------------------------------------------------------------------------

Clock                          Waveform(ns)         Period(ns)      Frequency(MHz)
-----                          ------------         ----------      --------------
clk100                         {0.000 5.000}        10.000          100.000         
  hardware_clock.clock_raw     {0.000 40.690}       81.380          12.288          
    i2s_bclk_ext               {0.000 162.760}      325.521         3.072           
  hardware_clock.feedback_raw  {0.000 25.000}       50.000          20.000          


------------------------------------------------------------------------------------------------
| Intra Clock Table
| -----------------
------------------------------------------------------------------------------------------------

Clock                              WNS(ns)      TNS(ns)  TNS Failing Endpoints  TNS Total Endpoints      WHS(ns)      THS(ns)  THS Failing Endpoints  THS Total Endpoints     WPWS(ns)     TPWS(ns)  TPWS Failing Endpoints  TPWS Total Endpoints  
-----                              -------      -------  ---------------------  -------------------      -------      -------  ---------------------  -------------------     --------     --------  ----------------------  --------------------  
clk100                                                                                                                                                                           3.000        0.000                       0                     1  
  hardware_clock.clock_raw          15.820        0.000                      0                44062        0.030        0.000                      0                44062       39.440        0.000                       0                 14094  
  hardware_clock.feedback_raw                                                                                                                                                   47.845        0.000                       0                     3  


------------------------------------------------------------------------------------------------
| Inter Clock Table
| -----------------
------------------------------------------------------------------------------------------------

From Clock                To Clock                      WNS(ns)      TNS(ns)  TNS Failing Endpoints  TNS Total Endpoints      WHS(ns)      THS(ns)  THS Failing Endpoints  THS Total Endpoints  
----------                --------                      -------      -------  ---------------------  -------------------      -------      -------  ---------------------  -------------------  
hardware_clock.clock_raw  i2s_bclk_ext                   71.912        0.000                      0                    2      153.632        0.000                      0                    2  


------------------------------------------------------------------------------------------------
| Other Path Groups Table
| -----------------------
------------------------------------------------------------------------------------------------

Path Group                From Clock                To Clock                      WNS(ns)      TNS(ns)  TNS Failing Endpoints  TNS Total Endpoints      WHS(ns)      THS(ns)  THS Failing Endpoints  THS Total Endpoints  
----------                ----------                --------                      -------      -------  ---------------------  -------------------      -------      -------  ---------------------  -------------------  
**async_default**         hardware_clock.clock_raw  hardware_clock.clock_raw       78.662        0.000                      0                   14        0.501        0.000                      0                   14  


------------------------------------------------------------------------------------------------
| Timing Details
| --------------
------------------------------------------------------------------------------------------------


---------------------------------------------------------------------------------------------------
From Clock:  clk100
  To Clock:  clk100

Setup :           NA  Failing Endpoints,  Worst Slack           NA  ,  Total Violation           NA
Hold  :           NA  Failing Endpoints,  Worst Slack           NA  ,  Total Violation           NA
PW    :            0  Failing Endpoints,  Worst Slack        3.000ns,  Total Violation        0.000ns
---------------------------------------------------------------------------------------------------


Pulse Width Checks
--------------------------------------------------------------------------------------
Clock Name:         clk100
Waveform(ns):       { 0.000 5.000 }
Period(ns):         10.000
Sources:            { clk_100mhz }

Check Type        Corner  Lib Pin            Reference Pin  Required(ns)  Actual(ns)  Slack(ns)  Location         Pin
Min Period        n/a     MMCME2_ADV/CLKIN1  n/a            1.249         10.000      8.751      MMCME2_ADV_X1Y2  hardware_clock.mmcm/CLKIN1
Max Period        n/a     MMCME2_ADV/CLKIN1  n/a            100.000       10.000      90.000     MMCME2_ADV_X1Y2  hardware_clock.mmcm/CLKIN1
Low Pulse Width   Slow    MMCME2_ADV/CLKIN1  n/a            2.000         5.000       3.000      MMCME2_ADV_X1Y2  hardware_clock.mmcm/CLKIN1
High Pulse Width  Slow    MMCME2_ADV/CLKIN1  n/a            2.000         5.000       3.000      MMCME2_ADV_X1Y2  hardware_clock.mmcm/CLKIN1



---------------------------------------------------------------------------------------------------
From Clock:  hardware_clock.clock_raw
  To Clock:  hardware_clock.clock_raw

Setup :            0  Failing Endpoints,  Worst Slack       15.820ns,  Total Violation        0.000ns
Hold  :            0  Failing Endpoints,  Worst Slack        0.030ns,  Total Violation        0.000ns
PW    :            0  Failing Endpoints,  Worst Slack       39.440ns,  Total Violation        0.000ns
---------------------------------------------------------------------------------------------------


Max Delay Paths
--------------------------------------------------------------------------------------
Slack (MET) :             15.820ns  (required time - arrival time)
  Source:                 u_synth/u_spi/miso_reg/C
                            (rising edge-triggered cell FDRE clocked by hardware_clock.clock_raw  {rise@0.000ns fall@40.690ns period=81.380ns})
  Destination:            spi_miso
                            (output port clocked by hardware_clock.clock_raw  {rise@0.000ns fall@40.690ns period=81.380ns})
  Path Group:             hardware_clock.clock_raw
  Path Type:              Max at Slow Process Corner
  Requirement:            81.380ns  (hardware_clock.clock_raw rise@81.380ns - hardware_clock.clock_raw rise@0.000ns)
  Data Path Delay:        6.991ns  (logic 4.056ns (58.020%)  route 2.935ns (41.980%))
  Logic Levels:           1  (OBUF=1)
  Output Delay:           54.958ns
  Clock Path Skew:        -3.438ns (DCD - SCD + CPR)
    Destination Clock Delay (DCD):    -4.751ns = ( 76.630 - 81.380 ) 
    Source Clock Delay      (SCD):    -0.917ns
    Clock Pessimism Removal (CPR):    0.395ns
  Clock Uncertainty:      0.173ns  ((TSJ^2 + DJ^2)^1/2) / 2 + PE
    Total System Jitter     (TSJ):    0.071ns
    Discrete Jitter          (DJ):    0.339ns
    Phase Error              (PE):    0.000ns

    Location             Delay type                Incr(ns)  Path(ns)    Netlist Resource(s)
  -------------------------------------------------------------------    -------------------
                         (clock hardware_clock.clock_raw rise edge)
                                                      0.000     0.000 r  
    E3                                                0.000     0.000 r  clk_100mhz (IN)
                         net (fo=0)                   0.000     0.000    clk_100mhz
    E3                   IBUF (Prop_ibuf_I_O)         1.482     1.482 r  clk_100mhz_IBUF_inst/O
                         net (fo=1, routed)           1.233     2.715    clk_100mhz_IBUF
    MMCME2_ADV_X1Y2      MMCME2_ADV (Prop_mmcme2_adv_CLKIN1_CLKOUT0)
                                                     -7.070    -4.355 r  hardware_clock.mmcm/CLKOUT0
                         net (fo=1, routed)           1.719    -2.636    hardware_clock.clock_raw
    BUFGCTRL_X0Y16       BUFG (Prop_bufg_I_O)         0.096    -2.540 r  hardware_clock.core_buffer/O
                         net (fo=14109, routed)       1.623    -0.917    u_synth/u_spi/clk
    SLICE_X34Y108        FDRE                                         r  u_synth/u_spi/miso_reg/C
  -------------------------------------------------------------------    -------------------
    SLICE_X34Y108        FDRE (Prop_fdre_C_Q)         0.518    -0.399 r  u_synth/u_spi/miso_reg/Q
                         net (fo=1, routed)           2.935     2.536    spi_miso_OBUF
    D15                  OBUF (Prop_obuf_I_O)         3.538     6.074 r  spi_miso_OBUF_inst/O
                         net (fo=0)                   0.000     6.074    spi_miso
    D15                                                               r  spi_miso (OUT)
  -------------------------------------------------------------------    -------------------

                         (clock hardware_clock.clock_raw rise edge)
                                                     81.380    81.380 r  
    E3                                                0.000    81.380 r  clk_100mhz (IN)
                         net (fo=0)                   0.000    81.380    clk_100mhz
    E3                   IBUF (Prop_ibuf_I_O)         1.411    82.791 r  clk_100mhz_IBUF_inst/O
                         net (fo=1, routed)           1.162    83.953    clk_100mhz_IBUF
    MMCME2_ADV_X1Y2      MMCME2_ADV (Prop_mmcme2_adv_CLKIN1_CLKOUT0)
                                                     -7.324    76.630 r  hardware_clock.mmcm/CLKOUT0
                         clock pessimism              0.395    77.025    
                         clock uncertainty           -0.173    76.852    
                         output delay               -54.958    21.894    
  -------------------------------------------------------------------
                         required time                         21.894    
                         arrival time                          -6.074    
  -------------------------------------------------------------------
                         slack                                 15.820    





Min Delay Paths
--------------------------------------------------------------------------------------
Slack (MET) :             0.030ns  (arrival time - required time)
  Source:                 u_synth/u_voice/osc2_path/p1/pair/dec/x_reg[7][13]/C
                            (rising edge-triggered cell FDRE clocked by hardware_clock.clock_raw  {rise@0.000ns fall@40.690ns period=81.380ns})
  Destination:            u_synth/u_voice/osc2_path/p1/pair/dec/x_reg[8][13]/D
                            (rising edge-triggered cell FDRE clocked by hardware_clock.clock_raw  {rise@0.000ns fall@40.690ns period=81.380ns})
  Path Group:             hardware_clock.clock_raw
  Path Type:              Hold (Min at Fast Process Corner)
  Requirement:            0.000ns  (hardware_clock.clock_raw rise@0.000ns - hardware_clock.clock_raw rise@0.000ns)
  Data Path Delay:        0.301ns  (logic 0.141ns (46.922%)  route 0.160ns (53.078%))
  Logic Levels:           0  
  Clock Path Skew:        0.200ns (DCD - SCD - CPR)
    Destination Clock Delay (DCD):    -0.832ns
    Source Clock Delay      (SCD):    -0.529ns
    Clock Pessimism Removal (CPR):    -0.504ns

    Location             Delay type                Incr(ns)  Path(ns)    Netlist Resource(s)
  -------------------------------------------------------------------    -------------------
                         (clock hardware_clock.clock_raw rise edge)
                                                      0.000     0.000 r  
    E3                                                0.000     0.000 r  clk_100mhz (IN)
                         net (fo=0)                   0.000     0.000    clk_100mhz
    E3                   IBUF (Prop_ibuf_I_O)         0.250     0.250 r  clk_100mhz_IBUF_inst/O
                         net (fo=1, routed)           0.440     0.690    clk_100mhz_IBUF
    MMCME2_ADV_X1Y2      MMCME2_ADV (Prop_mmcme2_adv_CLKIN1_CLKOUT0)
                                                     -2.379    -1.689 r  hardware_clock.mmcm/CLKOUT0
                         net (fo=1, routed)           0.499    -1.190    hardware_clock.clock_raw
    BUFGCTRL_X0Y16       BUFG (Prop_bufg_I_O)         0.026    -1.164 r  hardware_clock.core_buffer/O
                         net (fo=14109, routed)       0.635    -0.529    u_synth/u_voice/osc2_path/p1/pair/dec/clk
    SLICE_X67Y49         FDRE                                         r  u_synth/u_voice/osc2_path/p1/pair/dec/x_reg[7][13]/C
  -------------------------------------------------------------------    -------------------
    SLICE_X67Y49         FDRE (Prop_fdre_C_Q)         0.141    -0.388 r  u_synth/u_voice/osc2_path/p1/pair/dec/x_reg[7][13]/Q
                         net (fo=3, routed)           0.160    -0.228    u_synth/u_voice/osc2_path/p1/pair/dec/x_reg[7][13]
    SLICE_X67Y50         FDRE                                         r  u_synth/u_voice/osc2_path/p1/pair/dec/x_reg[8][13]/D
  -------------------------------------------------------------------    -------------------

                         (clock hardware_clock.clock_raw rise edge)
                                                      0.000     0.000 r  
    E3                                                0.000     0.000 r  clk_100mhz (IN)
                         net (fo=0)                   0.000     0.000    clk_100mhz
    E3                   IBUF (Prop_ibuf_I_O)         0.438     0.438 r  clk_100mhz_IBUF_inst/O
                         net (fo=1, routed)           0.480     0.918    clk_100mhz_IBUF
    MMCME2_ADV_X1Y2      MMCME2_ADV (Prop_mmcme2_adv_CLKIN1_CLKOUT0)
                                                     -3.163    -2.245 r  hardware_clock.mmcm/CLKOUT0
                         net (fo=1, routed)           0.544    -1.702    hardware_clock.clock_raw
    BUFGCTRL_X0Y16       BUFG (Prop_bufg_I_O)         0.029    -1.673 r  hardware_clock.core_buffer/O
                         net (fo=14109, routed)       0.841    -0.832    u_synth/u_voice/osc2_path/p1/pair/dec/clk
    SLICE_X67Y50         FDRE                                         r  u_synth/u_voice/osc2_path/p1/pair/dec/x_reg[8][13]/C
                         clock pessimism              0.504    -0.328    
    SLICE_X67Y50         FDRE (Hold_fdre_C_D)         0.070    -0.258    u_synth/u_voice/osc2_path/p1/pair/dec/x_reg[8][13]
  -------------------------------------------------------------------
                         required time                          0.258    
                         arrival time                          -0.228    
  -------------------------------------------------------------------
                         slack                                  0.030    





Pulse Width Checks
--------------------------------------------------------------------------------------
Clock Name:         hardware_clock.clock_raw
Waveform(ns):       { 0.000 40.690 }
Period(ns):         81.380
Sources:            { hardware_clock.mmcm/CLKOUT0 }

Check Type        Corner  Lib Pin             Reference Pin  Required(ns)  Actual(ns)  Slack(ns)  Location         Pin
Min Period        n/a     BUFG/I              n/a            2.155         81.380      79.225     BUFGCTRL_X0Y16   hardware_clock.core_buffer/I
Max Period        n/a     MMCME2_ADV/CLKOUT0  n/a            213.360       81.380      131.980    MMCME2_ADV_X1Y2  hardware_clock.mmcm/CLKOUT0
Low Pulse Width   Slow    RAMD64E/CLK         n/a            1.250         40.690      39.440     SLICE_X50Y100    u_synth/g_uart.u_uart/evq_reg_0_63_0_2/RAMA/CLK
High Pulse Width  Slow    RAMD64E/CLK         n/a            1.250         40.690      39.440     SLICE_X50Y100    u_synth/g_uart.u_uart/evq_reg_0_63_0_2/RAMA/CLK



---------------------------------------------------------------------------------------------------
From Clock:  hardware_clock.feedback_raw
  To Clock:  hardware_clock.feedback_raw

Setup :           NA  Failing Endpoints,  Worst Slack           NA  ,  Total Violation           NA
Hold  :           NA  Failing Endpoints,  Worst Slack           NA  ,  Total Violation           NA
PW    :            0  Failing Endpoints,  Worst Slack       47.845ns,  Total Violation        0.000ns
---------------------------------------------------------------------------------------------------


Pulse Width Checks
--------------------------------------------------------------------------------------
Clock Name:         hardware_clock.feedback_raw
Waveform(ns):       { 0.000 25.000 }
Period(ns):         50.000
Sources:            { hardware_clock.mmcm/CLKFBOUT }

Check Type  Corner  Lib Pin             Reference Pin  Required(ns)  Actual(ns)  Slack(ns)  Location         Pin
Min Period  n/a     BUFG/I              n/a            2.155         50.000      47.845     BUFGCTRL_X0Y17   hardware_clock.feedback_buffer/I
Max Period  n/a     MMCME2_ADV/CLKFBIN  n/a            100.000       50.000      50.000     MMCME2_ADV_X1Y2  hardware_clock.mmcm/CLKFBIN



---------------------------------------------------------------------------------------------------
From Clock:  hardware_clock.clock_raw
  To Clock:  i2s_bclk_ext

Setup :            0  Failing Endpoints,  Worst Slack       71.912ns,  Total Violation        0.000ns
Hold  :            0  Failing Endpoints,  Worst Slack      153.632ns,  Total Violation        0.000ns
---------------------------------------------------------------------------------------------------


Max Delay Paths
--------------------------------------------------------------------------------------
Slack (MET) :             71.912ns  (required time - arrival time)
  Source:                 u_synth/cyc_reg[7]/C
                            (rising edge-triggered cell FDRE clocked by hardware_clock.clock_raw  {rise@0.000ns fall@40.690ns period=81.380ns})
  Destination:            i2s_lrclk
                            (output port clocked by i2s_bclk_ext  {rise@0.000ns fall@162.760ns period=325.521ns})
  Path Group:             i2s_bclk_ext
  Path Type:              Max at Slow Process Corner
  Requirement:            81.380ns  (i2s_bclk_ext rise@325.521ns - hardware_clock.clock_raw rise@244.141ns)
  Data Path Delay:        8.577ns  (logic 4.918ns (57.334%)  route 3.660ns (42.666%))
  Logic Levels:           1  (OBUF=1)
  Output Delay:           8.200ns
  Clock Path Skew:        7.483ns (DCD - SCD + CPR)
    Destination Clock Delay (DCD):    5.988ns = ( 331.509 - 325.521 ) 
    Source Clock Delay      (SCD):    -0.918ns = ( 243.223 - 244.141 ) 
    Clock Pessimism Removal (CPR):    0.577ns
  Clock Uncertainty:      0.173ns  ((TSJ^2 + DJ^2)^1/2) / 2 + PE
    Total System Jitter     (TSJ):    0.071ns
    Discrete Jitter          (DJ):    0.339ns
    Phase Error              (PE):    0.000ns

    Location             Delay type                Incr(ns)  Path(ns)    Netlist Resource(s)
  -------------------------------------------------------------------    -------------------
                         (clock hardware_clock.clock_raw rise edge)
                                                    244.141   244.141 r  
    E3                                                0.000   244.141 r  clk_100mhz (IN)
                         net (fo=0)                   0.000   244.141    clk_100mhz
    E3                   IBUF (Prop_ibuf_I_O)         1.482   245.622 r  clk_100mhz_IBUF_inst/O
                         net (fo=1, routed)           1.233   246.855    clk_100mhz_IBUF
    MMCME2_ADV_X1Y2      MMCME2_ADV (Prop_mmcme2_adv_CLKIN1_CLKOUT0)
                                                     -7.070   239.785 r  hardware_clock.mmcm/CLKOUT0
                         net (fo=1, routed)           1.719   241.505    hardware_clock.clock_raw
    BUFGCTRL_X0Y16       BUFG (Prop_bufg_I_O)         0.096   241.600 r  hardware_clock.core_buffer/O
                         net (fo=14109, routed)       1.622   243.222    u_synth/clk
    SLICE_X38Y107        FDRE                                         r  u_synth/cyc_reg[7]/C
  -------------------------------------------------------------------    -------------------
    SLICE_X38Y107        FDRE (Prop_fdre_C_Q)         0.478   243.700 r  u_synth/cyc_reg[7]/Q
                         net (fo=21, routed)          3.660   247.360    i2s_lrclk_OBUF
    D12                  OBUF (Prop_obuf_I_O)         4.440   251.800 r  i2s_lrclk_OBUF_inst/O
                         net (fo=0)                   0.000   251.800    i2s_lrclk
    D12                                                               r  i2s_lrclk (OUT)
  -------------------------------------------------------------------    -------------------

                         (clock i2s_bclk_ext rise edge)
                                                    325.521   325.521 r  
    E3                                                0.000   325.521 r  clk_100mhz (IN)
                         net (fo=0)                   0.000   325.521    clk_100mhz
    E3                   IBUF (Prop_ibuf_I_O)         1.411   326.932 r  clk_100mhz_IBUF_inst/O
                         net (fo=1, routed)           1.162   328.094    clk_100mhz_IBUF
    MMCME2_ADV_X1Y2      MMCME2_ADV (Prop_mmcme2_adv_CLKIN1_CLKOUT0)
                                                     -7.324   320.770 r  hardware_clock.mmcm/CLKOUT0
                         net (fo=1, routed)           1.639   322.409    hardware_clock.clock_raw
    BUFGCTRL_X0Y16       BUFG (Prop_bufg_I_O)         0.091   322.500 r  hardware_clock.core_buffer/O
                         net (fo=14109, routed)       1.502   324.002    u_synth/clk
    SLICE_X39Y106        FDRE (Prop_fdre_C_Q)         0.367   324.369 r  u_synth/cyc_reg[1]/Q
                         net (fo=15, routed)          3.094   327.463    i2s_bclk_OBUF
    B11                  OBUF (Prop_obuf_I_O)         4.046   331.509 r  i2s_bclk_OBUF_inst/O
                         net (fo=0)                   0.000   331.509    i2s_bclk
    B11                                                               r  i2s_bclk (OUT)
                         clock pessimism              0.577   332.085    
                         clock uncertainty           -0.173   331.912    
                         output delay                -8.200   323.712    
  -------------------------------------------------------------------
                         required time                        323.712    
                         arrival time                        -251.800    
  -------------------------------------------------------------------
                         slack                                 71.912    





Min Delay Paths
--------------------------------------------------------------------------------------
Slack (MET) :             153.632ns  (arrival time - required time)
  Source:                 u_synth/u_i2s/sdata_reg/C
                            (rising edge-triggered cell FDRE clocked by hardware_clock.clock_raw  {rise@0.000ns fall@40.690ns period=81.380ns})
  Destination:            i2s_sdata
                            (output port clocked by i2s_bclk_ext  {rise@0.000ns fall@162.760ns period=325.521ns})
  Path Group:             i2s_bclk_ext
  Path Type:              Min at Fast Process Corner
  Requirement:            0.000ns  (i2s_bclk_ext rise@0.000ns - hardware_clock.clock_raw rise@0.000ns)
  Data Path Delay:        4.315ns  (logic 3.112ns (72.121%)  route 1.203ns (27.879%))
  Logic Levels:           1  (OBUF=1)
  Output Delay:           154.560ns
  Clock Path Skew:        5.242ns (DCD - SCD - CPR)
    Destination Clock Delay (DCD):    4.388ns
    Source Clock Delay      (SCD):    -0.601ns
    Clock Pessimism Removal (CPR):    -0.253ns

    Location             Delay type                Incr(ns)  Path(ns)    Netlist Resource(s)
  -------------------------------------------------------------------    -------------------
                         (clock hardware_clock.clock_raw rise edge)
                                                      0.000     0.000 r  
    E3                                                0.000     0.000 r  clk_100mhz (IN)
                         net (fo=0)                   0.000     0.000    clk_100mhz
    E3                   IBUF (Prop_ibuf_I_O)         0.250     0.250 r  clk_100mhz_IBUF_inst/O
                         net (fo=1, routed)           0.440     0.690    clk_100mhz_IBUF
    MMCME2_ADV_X1Y2      MMCME2_ADV (Prop_mmcme2_adv_CLKIN1_CLKOUT0)
                                                     -2.379    -1.689 r  hardware_clock.mmcm/CLKOUT0
                         net (fo=1, routed)           0.499    -1.190    hardware_clock.clock_raw
    BUFGCTRL_X0Y16       BUFG (Prop_bufg_I_O)         0.026    -1.164 r  hardware_clock.core_buffer/O
                         net (fo=14109, routed)       0.563    -0.601    u_synth/u_i2s/clk
    SLICE_X41Y101        FDRE                                         r  u_synth/u_i2s/sdata_reg/C
  -------------------------------------------------------------------    -------------------
    SLICE_X41Y101        FDRE (Prop_fdre_C_Q)         0.141    -0.460 r  u_synth/u_i2s/sdata_reg/Q
                         net (fo=1, routed)           1.203     0.743    i2s_sdata_OBUF
    A11                  OBUF (Prop_obuf_I_O)         2.971     3.713 r  i2s_sdata_OBUF_inst/O
                         net (fo=0)                   0.000     3.713    i2s_sdata
    A11                                                               r  i2s_sdata (OUT)
  -------------------------------------------------------------------    -------------------

                         (clock i2s_bclk_ext rise edge)
                                                      0.000     0.000 r  
    E3                                                0.000     0.000 r  clk_100mhz (IN)
                         net (fo=0)                   0.000     0.000    clk_100mhz
    E3                   IBUF (Prop_ibuf_I_O)         0.438     0.438 r  clk_100mhz_IBUF_inst/O
                         net (fo=1, routed)           0.480     0.918    clk_100mhz_IBUF
    MMCME2_ADV_X1Y2      MMCME2_ADV (Prop_mmcme2_adv_CLKIN1_CLKOUT0)
                                                     -3.163    -2.245 r  hardware_clock.mmcm/CLKOUT0
                         net (fo=1, routed)           0.544    -1.702    hardware_clock.clock_raw
    BUFGCTRL_X0Y16       BUFG (Prop_bufg_I_O)         0.029    -1.673 r  hardware_clock.core_buffer/O
                         net (fo=14109, routed)       0.834    -0.839    u_synth/clk
    SLICE_X39Y106        FDRE (Prop_fdre_C_Q)         0.175    -0.664 r  u_synth/cyc_reg[1]/Q
                         net (fo=15, routed)          1.627     0.962    i2s_bclk_OBUF
    B11                  OBUF (Prop_obuf_I_O)         3.426     4.388 r  i2s_bclk_OBUF_inst/O
                         net (fo=0)                   0.000     4.388    i2s_bclk
    B11                                                               r  i2s_bclk (OUT)
                         clock pessimism              0.253     4.641    
                         output delay              -154.560  -149.919    
  -------------------------------------------------------------------
                         required time                        149.919    
                         arrival time                           3.713    
  -------------------------------------------------------------------
                         slack                                153.632    





---------------------------------------------------------------------------------------------------
Path Group:  **async_default**
From Clock:  hardware_clock.clock_raw
  To Clock:  hardware_clock.clock_raw

Setup :            0  Failing Endpoints,  Worst Slack       78.662ns,  Total Violation        0.000ns
Hold  :            0  Failing Endpoints,  Worst Slack        0.501ns,  Total Violation        0.000ns
---------------------------------------------------------------------------------------------------


Max Delay Paths
--------------------------------------------------------------------------------------
Slack (MET) :             78.662ns  (required time - arrival time)
  Source:                 sw_reset_req_reg/C
                            (rising edge-triggered cell FDRE clocked by hardware_clock.clock_raw  {rise@0.000ns fall@40.690ns period=81.380ns})
  Destination:            por_count_reg[0]/CLR
                            (recovery check against rising-edge clock hardware_clock.clock_raw  {rise@0.000ns fall@40.690ns period=81.380ns})
  Path Group:             **async_default**
  Path Type:              Recovery (Max at Slow Process Corner)
  Requirement:            81.380ns  (hardware_clock.clock_raw rise@81.380ns - hardware_clock.clock_raw rise@0.000ns)
  Data Path Delay:        2.129ns  (logic 0.580ns (27.245%)  route 1.549ns (72.755%))
  Logic Levels:           1  (LUT2=1)
  Clock Path Skew:        -0.098ns (DCD - SCD + CPR)
    Destination Clock Delay (DCD):    -1.416ns = ( 79.964 - 81.380 ) 
    Source Clock Delay      (SCD):    -0.838ns
    Clock Pessimism Removal (CPR):    0.480ns
  Clock Uncertainty:      0.173ns  ((TSJ^2 + DJ^2)^1/2) / 2 + PE
    Total System Jitter     (TSJ):    0.071ns
    Discrete Jitter          (DJ):    0.339ns
    Phase Error              (PE):    0.000ns

    Location             Delay type                Incr(ns)  Path(ns)    Netlist Resource(s)
  -------------------------------------------------------------------    -------------------
                         (clock hardware_clock.clock_raw rise edge)
                                                      0.000     0.000 r  
    E3                                                0.000     0.000 r  clk_100mhz (IN)
                         net (fo=0)                   0.000     0.000    clk_100mhz
    E3                   IBUF (Prop_ibuf_I_O)         1.482     1.482 r  clk_100mhz_IBUF_inst/O
                         net (fo=1, routed)           1.233     2.715    clk_100mhz_IBUF
    MMCME2_ADV_X1Y2      MMCME2_ADV (Prop_mmcme2_adv_CLKIN1_CLKOUT0)
                                                     -7.070    -4.355 r  hardware_clock.mmcm/CLKOUT0
                         net (fo=1, routed)           1.719    -2.636    hardware_clock.clock_raw
    BUFGCTRL_X0Y16       BUFG (Prop_bufg_I_O)         0.096    -2.540 r  hardware_clock.core_buffer/O
                         net (fo=14109, routed)       1.702    -0.838    core_clk
    SLICE_X77Y101        FDRE                                         r  sw_reset_req_reg/C
  -------------------------------------------------------------------    -------------------
    SLICE_X77Y101        FDRE (Prop_fdre_C_Q)         0.456    -0.382 f  sw_reset_req_reg/Q
                         net (fo=1, routed)           0.741     0.359    sw_reset_req
    SLICE_X81Y101        LUT2 (Prop_lut2_I0_O)        0.124     0.483 f  ready_sync[1]_i_1/O
                         net (fo=14, routed)          0.808     1.291    reset_request
    SLICE_X80Y98         FDCE                                         f  por_count_reg[0]/CLR
  -------------------------------------------------------------------    -------------------

                         (clock hardware_clock.clock_raw rise edge)
                                                     81.380    81.380 r  
    E3                                                0.000    81.380 r  clk_100mhz (IN)
                         net (fo=0)                   0.000    81.380    clk_100mhz
    E3                   IBUF (Prop_ibuf_I_O)         1.411    82.791 r  clk_100mhz_IBUF_inst/O
                         net (fo=1, routed)           1.162    83.953    clk_100mhz_IBUF
    MMCME2_ADV_X1Y2      MMCME2_ADV (Prop_mmcme2_adv_CLKIN1_CLKOUT0)
                                                     -7.324    76.630 r  hardware_clock.mmcm/CLKOUT0
                         net (fo=1, routed)           1.639    78.269    hardware_clock.clock_raw
    BUFGCTRL_X0Y16       BUFG (Prop_bufg_I_O)         0.091    78.360 r  hardware_clock.core_buffer/O
                         net (fo=14109, routed)       1.604    79.964    core_clk
    SLICE_X80Y98         FDCE                                         r  por_count_reg[0]/C
                         clock pessimism              0.480    80.445    
                         clock uncertainty           -0.173    80.272    
    SLICE_X80Y98         FDCE (Recov_fdce_C_CLR)     -0.319    79.953    por_count_reg[0]
  -------------------------------------------------------------------
                         required time                         79.953    
                         arrival time                          -1.291    
  -------------------------------------------------------------------
                         slack                                 78.662    





Min Delay Paths
--------------------------------------------------------------------------------------
Slack (MET) :             0.501ns  (arrival time - required time)
  Source:                 sw_reset_req_reg/C
                            (rising edge-triggered cell FDRE clocked by hardware_clock.clock_raw  {rise@0.000ns fall@40.690ns period=81.380ns})
  Destination:            por_count_reg[4]/CLR
                            (removal check against rising-edge clock hardware_clock.clock_raw  {rise@0.000ns fall@40.690ns period=81.380ns})
  Path Group:             **async_default**
  Path Type:              Removal (Min at Fast Process Corner)
  Requirement:            0.000ns  (hardware_clock.clock_raw rise@0.000ns - hardware_clock.clock_raw rise@0.000ns)
  Data Path Delay:        0.717ns  (logic 0.186ns (25.936%)  route 0.531ns (74.064%))
  Logic Levels:           1  (LUT2=1)
  Clock Path Skew:        0.283ns (DCD - SCD - CPR)
    Destination Clock Delay (DCD):    -0.798ns
    Source Clock Delay      (SCD):    -0.572ns
    Clock Pessimism Removal (CPR):    -0.509ns

    Location             Delay type                Incr(ns)  Path(ns)    Netlist Resource(s)
  -------------------------------------------------------------------    -------------------
                         (clock hardware_clock.clock_raw rise edge)
                                                      0.000     0.000 r  
    E3                                                0.000     0.000 r  clk_100mhz (IN)
                         net (fo=0)                   0.000     0.000    clk_100mhz
    E3                   IBUF (Prop_ibuf_I_O)         0.250     0.250 r  clk_100mhz_IBUF_inst/O
                         net (fo=1, routed)           0.440     0.690    clk_100mhz_IBUF
    MMCME2_ADV_X1Y2      MMCME2_ADV (Prop_mmcme2_adv_CLKIN1_CLKOUT0)
                                                     -2.379    -1.689 r  hardware_clock.mmcm/CLKOUT0
                         net (fo=1, routed)           0.499    -1.190    hardware_clock.clock_raw
    BUFGCTRL_X0Y16       BUFG (Prop_bufg_I_O)         0.026    -1.164 r  hardware_clock.core_buffer/O
                         net (fo=14109, routed)       0.592    -0.572    core_clk
    SLICE_X77Y101        FDRE                                         r  sw_reset_req_reg/C
  -------------------------------------------------------------------    -------------------
    SLICE_X77Y101        FDRE (Prop_fdre_C_Q)         0.141    -0.431 f  sw_reset_req_reg/Q
                         net (fo=1, routed)           0.266    -0.165    sw_reset_req
    SLICE_X81Y101        LUT2 (Prop_lut2_I0_O)        0.045    -0.120 f  ready_sync[1]_i_1/O
                         net (fo=14, routed)          0.265     0.145    reset_request
    SLICE_X80Y99         FDCE                                         f  por_count_reg[4]/CLR
  -------------------------------------------------------------------    -------------------

                         (clock hardware_clock.clock_raw rise edge)
                                                      0.000     0.000 r  
    E3                                                0.000     0.000 r  clk_100mhz (IN)
                         net (fo=0)                   0.000     0.000    clk_100mhz
    E3                   IBUF (Prop_ibuf_I_O)         0.438     0.438 r  clk_100mhz_IBUF_inst/O
                         net (fo=1, routed)           0.480     0.918    clk_100mhz_IBUF
    MMCME2_ADV_X1Y2      MMCME2_ADV (Prop_mmcme2_adv_CLKIN1_CLKOUT0)
                                                     -3.163    -2.245 r  hardware_clock.mmcm/CLKOUT0
                         net (fo=1, routed)           0.544    -1.702    hardware_clock.clock_raw
    BUFGCTRL_X0Y16       BUFG (Prop_bufg_I_O)         0.029    -1.673 r  hardware_clock.core_buffer/O
                         net (fo=14109, routed)       0.875    -0.798    core_clk
    SLICE_X80Y99         FDCE                                         r  por_count_reg[4]/C
                         clock pessimism              0.509    -0.289    
    SLICE_X80Y99         FDCE (Remov_fdce_C_CLR)     -0.067    -0.356    por_count_reg[4]
  -------------------------------------------------------------------
                         required time                          0.356    
                         arrival time                           0.145    
  -------------------------------------------------------------------
                         slack                                  0.501    





