Copyright 1986-2022 Xilinx, Inc. All Rights Reserved. Copyright 2022-2025 Advanced Micro Devices, Inc. All Rights Reserved.
---------------------------------------------------------------------------------------------------------------------------------------------
| Tool Version : Vivado v.2025.1 (lin64) Build 6140274 Wed May 21 22:58:25 MDT 2025
| Date         : Tue Sep 22 08:46:22 2026
| Host         : ip-172-31-72-198 running 64-bit Ubuntu 22.04.5 LTS
| Command      : report_timing_summary -check_timing_verbose -file /home/ubuntu/uart-bridge-build/build/arty/timing.rpt
| Design       : arty_a7_top
| Device       : 7a100t-csg324
| Speed File   : -1  PRODUCTION 1.23 2018-06-13
| Design State : Routed
---------------------------------------------------------------------------------------------------------------------------------------------

Timing Summary Report

------------------------------------------------------------------------------------------------
| Timer Settings
| --------------
------------------------------------------------------------------------------------------------

  Enable Multi Corner Analysis               :  Yes
  Enable Pessimism Removal                   :  Yes
  Pessimism Removal Resolution               :  Nearest Common Node
  Enable Input Delay Default Clock           :  No
  Enable Preset / Clear Arcs                 :  No
  Disable Flight Delays                      :  No
  Ignore I/O Paths                           :  No
  Timing Early Launch at Borrowing Latches   :  No
  Borrow Time for Max Delay Exceptions       :  Yes
  Merge Timing Exceptions                    :  Yes
  Inter-SLR Compensation                     :  Conservative

  Corner  Analyze    Analyze    
  Name    Max Paths  Min Paths  
  ------  ---------  ---------  
  Slow    Yes        Yes        
  Fast    Yes        Yes        


------------------------------------------------------------------------------------------------
| Report Methodology
| ------------------
------------------------------------------------------------------------------------------------

No report available as report_methodology has not been run prior. Run report_methodology on the current design for the summary of methodology violations.



check_timing report

Table of Contents
-----------------
1. checking no_clock (0)
2. checking constant_clock (0)
3. checking pulse_width_clock (0)
4. checking unconstrained_internal_endpoints (0)
5. checking no_input_delay (5)
6. checking no_output_delay (8)
7. checking multiple_clock (0)
8. checking generated_clocks (0)
9. checking loops (0)
10. checking partial_input_delay (0)
11. checking partial_output_delay (0)
12. checking latch_loops (0)

1. checking no_clock (0)
------------------------
 There are 0 register/latch pins with no clock.


2. checking constant_clock (0)
------------------------------
 There are 0 register/latch pins with constant_clock.


3. checking pulse_width_clock (0)
---------------------------------
 There are 0 register/latch pins which need pulse_width check


4. checking unconstrained_internal_endpoints (0)
------------------------------------------------
 There are 0 pins that are not constrained for maximum delay.

 There are 0 pins that are not constrained for maximum delay due to constant clock.


5. checking no_input_delay (5)
------------------------------
 There is 1 input port with no input delay specified. (HIGH)

uart_rxd

 There are 4 input ports with no input delay but user has a false path constraint. (MEDIUM)

btn_reset
spi_cs_n
spi_mosi
spi_sck


6. checking no_output_delay (8)
-------------------------------
 There are 8 ports with no output delay specified. (HIGH)

i2s_bclk
i2s_lrclk
i2s_sdata
led[1]
led[2]
led[3]
spi_miso
uart_txd

 There are 0 ports with no output delay but user has a false path constraint

 There are 0 ports with no output delay but with a timing clock defined on it or propagating through it


7. checking multiple_clock (0)
------------------------------
 There are 0 register/latch pins with multiple clocks.


8. checking generated_clocks (0)
--------------------------------
 There are 0 generated clocks that are not connected to a clock source.


9. checking loops (0)
---------------------
 There are 0 combinational loops in the design.


10. checking partial_input_delay (0)
------------------------------------
 There are 0 input ports with partial input delay specified.


11. checking partial_output_delay (0)
-------------------------------------
 There are 0 ports with partial output delay specified.


12. checking latch_loops (0)
----------------------------
 There are 0 combinational latch loops in the design through latch input



------------------------------------------------------------------------------------------------
| Design Timing Summary
| ---------------------
------------------------------------------------------------------------------------------------

    WNS(ns)      TNS(ns)  TNS Failing Endpoints  TNS Total Endpoints      WHS(ns)      THS(ns)  THS Failing Endpoints  THS Total Endpoints     WPWS(ns)     TPWS(ns)  TPWS Failing Endpoints  TPWS Total Endpoints  
    -------      -------  ---------------------  -------------------      -------      -------  ---------------------  -------------------     --------     --------  ----------------------  --------------------  
     46.102        0.000                      0                40510        0.037        0.000                      0                40510        3.000        0.000                       0                 12866  


All user specified timing constraints are met.


------------------------------------------------------------------------------------------------
| Clock Summary
| -------------
------------------------------------------------------------------------------------------------

Clock                          Waveform(ns)       Period(ns)      Frequency(MHz)
-----                          ------------       ----------      --------------
clk100                         {0.000 5.000}      10.000          100.000         
  hardware_clock.clock_raw     {0.000 40.690}     81.380          12.288          
  hardware_clock.feedback_raw  {0.000 25.000}     50.000          20.000          


------------------------------------------------------------------------------------------------
| Intra Clock Table
| -----------------
------------------------------------------------------------------------------------------------

Clock                              WNS(ns)      TNS(ns)  TNS Failing Endpoints  TNS Total Endpoints      WHS(ns)      THS(ns)  THS Failing Endpoints  THS Total Endpoints     WPWS(ns)     TPWS(ns)  TPWS Failing Endpoints  TPWS Total Endpoints  
-----                              -------      -------  ---------------------  -------------------      -------      -------  ---------------------  -------------------     --------     --------  ----------------------  --------------------  
clk100                                                                                                                                                                           3.000        0.000                       0                     1  
  hardware_clock.clock_raw          46.102        0.000                      0                40510        0.037        0.000                      0                40510       39.440        0.000                       0                 12862  
  hardware_clock.feedback_raw                                                                                                                                                   47.845        0.000                       0                     3  


------------------------------------------------------------------------------------------------
| Inter Clock Table
| -----------------
------------------------------------------------------------------------------------------------

From Clock    To Clock          WNS(ns)      TNS(ns)  TNS Failing Endpoints  TNS Total Endpoints      WHS(ns)      THS(ns)  THS Failing Endpoints  THS Total Endpoints  
----------    --------          -------      -------  ---------------------  -------------------      -------      -------  ---------------------  -------------------  


------------------------------------------------------------------------------------------------
| Other Path Groups Table
| -----------------------
------------------------------------------------------------------------------------------------

Path Group    From Clock    To Clock          WNS(ns)      TNS(ns)  TNS Failing Endpoints  TNS Total Endpoints      WHS(ns)      THS(ns)  THS Failing Endpoints  THS Total Endpoints  
----------    ----------    --------          -------      -------  ---------------------  -------------------      -------      -------  ---------------------  -------------------  


------------------------------------------------------------------------------------------------
| Timing Details
| --------------
------------------------------------------------------------------------------------------------


---------------------------------------------------------------------------------------------------
From Clock:  clk100
  To Clock:  clk100

Setup :           NA  Failing Endpoints,  Worst Slack           NA  ,  Total Violation           NA
Hold  :           NA  Failing Endpoints,  Worst Slack           NA  ,  Total Violation           NA
PW    :            0  Failing Endpoints,  Worst Slack        3.000ns,  Total Violation        0.000ns
---------------------------------------------------------------------------------------------------


Pulse Width Checks
--------------------------------------------------------------------------------------
Clock Name:         clk100
Waveform(ns):       { 0.000 5.000 }
Period(ns):         10.000
Sources:            { clk_100mhz }

Check Type        Corner  Lib Pin            Reference Pin  Required(ns)  Actual(ns)  Slack(ns)  Location         Pin
Min Period        n/a     MMCME2_ADV/CLKIN1  n/a            1.249         10.000      8.751      MMCME2_ADV_X1Y2  hardware_clock.mmcm/CLKIN1
Max Period        n/a     MMCME2_ADV/CLKIN1  n/a            100.000       10.000      90.000     MMCME2_ADV_X1Y2  hardware_clock.mmcm/CLKIN1
Low Pulse Width   Slow    MMCME2_ADV/CLKIN1  n/a            2.000         5.000       3.000      MMCME2_ADV_X1Y2  hardware_clock.mmcm/CLKIN1
High Pulse Width  Slow    MMCME2_ADV/CLKIN1  n/a            2.000         5.000       3.000      MMCME2_ADV_X1Y2  hardware_clock.mmcm/CLKIN1



---------------------------------------------------------------------------------------------------
From Clock:  hardware_clock.clock_raw
  To Clock:  hardware_clock.clock_raw

Setup :            0  Failing Endpoints,  Worst Slack       46.102ns,  Total Violation        0.000ns
Hold  :            0  Failing Endpoints,  Worst Slack        0.037ns,  Total Violation        0.000ns
PW    :            0  Failing Endpoints,  Worst Slack       39.440ns,  Total Violation        0.000ns
---------------------------------------------------------------------------------------------------


Max Delay Paths
--------------------------------------------------------------------------------------
Slack (MET) :             46.102ns  (required time - arrival time)
  Source:                 u_synth/u_voice/sh_reg[0][1]/C
                            (rising edge-triggered cell FDSE clocked by hardware_clock.clock_raw  {rise@0.000ns fall@40.690ns period=81.380ns})
  Destination:            u_synth/u_voice/osc2_path/p0/pair/in_sample_reg[6]/D
                            (rising edge-triggered cell FDRE clocked by hardware_clock.clock_raw  {rise@0.000ns fall@40.690ns period=81.380ns})
  Path Group:             hardware_clock.clock_raw
  Path Type:              Setup (Max at Slow Process Corner)
  Requirement:            81.380ns  (hardware_clock.clock_raw rise@81.380ns - hardware_clock.clock_raw rise@0.000ns)
  Data Path Delay:        35.006ns  (logic 17.551ns (50.137%)  route 17.455ns (49.863%))
  Logic Levels:           21  (CARRY4=9 DSP48E1=3 LUT1=2 LUT2=1 LUT3=2 LUT4=1 LUT5=1 LUT6=2)
  Clock Path Skew:        -0.130ns (DCD - SCD + CPR)
    Destination Clock Delay (DCD):    -1.511ns = ( 79.869 - 81.380 ) 
    Source Clock Delay      (SCD):    -0.822ns
    Clock Pessimism Removal (CPR):    0.559ns
  Clock Uncertainty:      0.173ns  ((TSJ^2 + DJ^2)^1/2) / 2 + PE
    Total System Jitter     (TSJ):    0.071ns
    Discrete Jitter          (DJ):    0.339ns
    Phase Error              (PE):    0.000ns

    Location             Delay type                Incr(ns)  Path(ns)    Netlist Resource(s)
  -------------------------------------------------------------------    -------------------
                         (clock hardware_clock.clock_raw rise edge)
                                                      0.000     0.000 r  
    E3                                                0.000     0.000 r  clk_100mhz (IN)
                         net (fo=0)                   0.000     0.000    clk_100mhz
    E3                   IBUF (Prop_ibuf_I_O)         1.482     1.482 r  clk_100mhz_IBUF_inst/O
                         net (fo=1, routed)           1.233     2.715    clk_100mhz_IBUF
    MMCME2_ADV_X1Y2      MMCME2_ADV (Prop_mmcme2_adv_CLKIN1_CLKOUT0)
                                                     -7.070    -4.355 r  hardware_clock.mmcm/CLKOUT0
                         net (fo=1, routed)           1.719    -2.636    hardware_clock.clock_raw
    BUFGCTRL_X0Y16       BUFG (Prop_bufg_I_O)         0.096    -2.540 r  hardware_clock.core_buffer/O
                         net (fo=12877, routed)       1.718    -0.822    u_synth/u_voice/clk
    SLICE_X75Y52         FDSE                                         r  u_synth/u_voice/sh_reg[0][1]/C
  -------------------------------------------------------------------    -------------------
    SLICE_X75Y52         FDSE (Prop_fdse_C_Q)         0.456    -0.366 r  u_synth/u_voice/sh_reg[0][1]/Q
                         net (fo=138, routed)         4.509     4.143    u_synth/u_voice/osc2_path/p0/gen/sh[1]
    SLICE_X43Y65         LUT6 (Prop_lut6_I4_O)        0.124     4.267 r  u_synth/u_voice/osc2_path/p0/gen/c5_i_52/O
                         net (fo=2, routed)           0.957     5.225    u_synth/u_voice/osc2_path/p0/gen/c5_i_52_n_0
    SLICE_X44Y64         LUT3 (Prop_lut3_I0_O)        0.152     5.377 r  u_synth/u_voice/osc2_path/p0/gen/c5_i_18/O
                         net (fo=2, routed)           1.016     6.392    u_synth/u_voice/osc2_path/p0/gen/c5_i_18_n_0
    SLICE_X40Y64         LUT6 (Prop_lut6_I1_O)        0.326     6.718 r  u_synth/u_voice/osc2_path/p0/gen/c5_i_1/O
                         net (fo=1, routed)           1.753     8.471    u_synth/u_voice/osc2_path/p0/gen/c5_i_1_n_0
    DSP48_X0Y30          DSP48E1 (Prop_dsp48e1_A[15]_P[15])
                                                      3.841    12.312 f  u_synth/u_voice/osc2_path/p0/gen/c5/P[15]
                         net (fo=3, routed)           0.842    13.154    u_synth/u_voice/osc2_path/p0/gen/c5_n_90
    SLICE_X12Y75         LUT1 (Prop_lut1_I0_O)        0.124    13.278 r  u_synth/u_voice/osc2_path/p0/gen/c2_i_16/O
                         net (fo=1, routed)           0.592    13.871    u_synth/u_voice/osc2_path/p0/gen/c2_i_16_n_0
    SLICE_X11Y75         CARRY4 (Prop_carry4_CYINIT_CO[3])
                                                      0.580    14.451 r  u_synth/u_voice/osc2_path/p0/gen/c2_i_4/CO[3]
                         net (fo=1, routed)           0.000    14.451    u_synth/u_voice/osc2_path/p0/gen/c2_i_4_n_0
    SLICE_X11Y76         CARRY4 (Prop_carry4_CI_CO[3])
                                                      0.114    14.565 r  u_synth/u_voice/osc2_path/p0/gen/c2_i_3/CO[3]
                         net (fo=1, routed)           0.000    14.565    u_synth/u_voice/osc2_path/p0/gen/c2_i_3_n_0
    SLICE_X11Y77         CARRY4 (Prop_carry4_CI_O[3])
                                                      0.313    14.878 r  u_synth/u_voice/osc2_path/p0/gen/c2_i_2/O[3]
                         net (fo=2, routed)           0.590    15.467    u_synth/u_voice/osc2_path/p0/gen/c2_i_2_n_4
    DSP48_X0Y31          DSP48E1 (Prop_dsp48e1_A[12]_P[17])
                                                      4.023    19.490 f  u_synth/u_voice/osc2_path/p0/gen/c2/P[17]
                         net (fo=2, routed)           1.723    21.214    u_synth/u_voice/osc2_path/p0/gen/c2_n_88
    SLICE_X40Y70         LUT1 (Prop_lut1_I0_O)        0.124    21.338 r  u_synth/u_voice/osc2_path/p0/gen/scaled0_i_79/O
                         net (fo=1, routed)           0.323    21.661    u_synth/u_voice/osc2_path/p0/gen/p_0_in[0]
    SLICE_X38Y70         CARRY4 (Prop_carry4_CYINIT_CO[3])
                                                      0.595    22.256 r  u_synth/u_voice/osc2_path/p0/gen/scaled0_i_52/CO[3]
                         net (fo=1, routed)           0.000    22.256    u_synth/u_voice/osc2_path/p0/gen/scaled0_i_52_n_0
    SLICE_X38Y71         CARRY4 (Prop_carry4_CI_CO[3])
                                                      0.117    22.373 r  u_synth/u_voice/osc2_path/p0/gen/scaled0_i_51/CO[3]
                         net (fo=1, routed)           0.000    22.373    u_synth/u_voice/osc2_path/p0/gen/scaled0_i_51_n_0
    SLICE_X38Y72         CARRY4 (Prop_carry4_CI_O[3])
                                                      0.315    22.688 r  u_synth/u_voice/osc2_path/p0/gen/scaled0_i_50/O[3]
                         net (fo=1, routed)           0.784    23.473    u_synth/u_voice/osc2_path/p0/gen/c01_in[12]
    SLICE_X50Y72         LUT5 (Prop_lut5_I4_O)        0.307    23.780 r  u_synth/u_voice/osc2_path/p0/gen/scaled0_i_30/O
                         net (fo=1, routed)           0.000    23.780    u_synth/u_voice/osc2_path/p0/gen/scaled0_i_30_n_0
    SLICE_X50Y72         CARRY4 (Prop_carry4_S[0]_CO[3])
                                                      0.513    24.293 r  u_synth/u_voice/osc2_path/p0/gen/scaled0_i_18/CO[3]
                         net (fo=1, routed)           0.000    24.293    u_synth/u_voice/osc2_path/p0/gen/scaled0_i_18_n_0
    SLICE_X50Y73         CARRY4 (Prop_carry4_CI_O[0])
                                                      0.219    24.512 r  u_synth/u_voice/osc2_path/p0/gen/scaled0_i_46/O[0]
                         net (fo=4, routed)           0.841    25.353    u_synth/u_voice/osc2_path/p0/gen/waveform2[16]
    SLICE_X49Y70         LUT2 (Prop_lut2_I0_O)        0.295    25.648 r  u_synth/u_voice/osc2_path/p0/gen/scaled0_i_25/O
                         net (fo=1, routed)           0.000    25.648    u_synth/u_voice/osc2_path/p0/gen/scaled0_i_25_n_0
    SLICE_X49Y70         CARRY4 (Prop_carry4_S[1]_CO[1])
                                                      0.491    26.139 r  u_synth/u_voice/osc2_path/p0/gen/scaled0_i_17/CO[1]
                         net (fo=16, routed)          0.941    27.080    u_synth/u_voice/osc2_path/p0/gen/waveform1
    SLICE_X51Y70         LUT3 (Prop_lut3_I0_O)        0.355    27.435 r  u_synth/u_voice/osc2_path/p0/gen/scaled0_i_1/O
                         net (fo=15, routed)          1.065    28.500    u_synth/u_voice/osc2_path/p0/gen/A[15]
    DSP48_X1Y26          DSP48E1 (Prop_dsp48e1_A[21]_P[21])
                                                      4.043    32.543 r  u_synth/u_voice/osc2_path/p0/gen/scaled0/P[21]
                         net (fo=1, routed)           1.517    34.061    u_synth/u_voice/osc2_path/p0/pair/sample0[6]
    SLICE_X61Y55         LUT4 (Prop_lut4_I0_O)        0.124    34.185 r  u_synth/u_voice/osc2_path/p0/pair/in_sample[6]_i_1/O
                         net (fo=1, routed)           0.000    34.185    u_synth/u_voice/osc2_path/p0/pair/in_sample[6]_i_1_n_0
    SLICE_X61Y55         FDRE                                         r  u_synth/u_voice/osc2_path/p0/pair/in_sample_reg[6]/D
  -------------------------------------------------------------------    -------------------

                         (clock hardware_clock.clock_raw rise edge)
                                                     81.380    81.380 r  
    E3                                                0.000    81.380 r  clk_100mhz (IN)
                         net (fo=0)                   0.000    81.380    clk_100mhz
    E3                   IBUF (Prop_ibuf_I_O)         1.411    82.791 r  clk_100mhz_IBUF_inst/O
                         net (fo=1, routed)           1.162    83.953    clk_100mhz_IBUF
    MMCME2_ADV_X1Y2      MMCME2_ADV (Prop_mmcme2_adv_CLKIN1_CLKOUT0)
                                                     -7.324    76.630 r  hardware_clock.mmcm/CLKOUT0
                         net (fo=1, routed)           1.639    78.269    hardware_clock.clock_raw
    BUFGCTRL_X0Y16       BUFG (Prop_bufg_I_O)         0.091    78.360 r  hardware_clock.core_buffer/O
                         net (fo=12877, routed)       1.509    79.869    u_synth/u_voice/osc2_path/p0/pair/clk
    SLICE_X61Y55         FDRE                                         r  u_synth/u_voice/osc2_path/p0/pair/in_sample_reg[6]/C
                         clock pessimism              0.559    80.429    
                         clock uncertainty           -0.173    80.256    
    SLICE_X61Y55         FDRE (Setup_fdre_C_D)        0.031    80.287    u_synth/u_voice/osc2_path/p0/pair/in_sample_reg[6]
  -------------------------------------------------------------------
                         required time                         80.287    
                         arrival time                         -34.185    
  -------------------------------------------------------------------
                         slack                                 46.102    





Min Delay Paths
--------------------------------------------------------------------------------------
Slack (MET) :             0.037ns  (arrival time - required time)
  Source:                 u_synth/g_uart.u_uart/wrq_push_w_reg[30]/C
                            (rising edge-triggered cell FDRE clocked by hardware_clock.clock_raw  {rise@0.000ns fall@40.690ns period=81.380ns})
  Destination:            u_synth/g_uart.u_uart/wrq_reg_0_7_30_35/RAMA/I
                            (rising edge-triggered cell RAMD32 clocked by hardware_clock.clock_raw  {rise@0.000ns fall@40.690ns period=81.380ns})
  Path Group:             hardware_clock.clock_raw
  Path Type:              Hold (Min at Fast Process Corner)
  Requirement:            0.000ns  (hardware_clock.clock_raw rise@0.000ns - hardware_clock.clock_raw rise@0.000ns)
  Data Path Delay:        0.197ns  (logic 0.141ns (71.611%)  route 0.056ns (28.389%))
  Logic Levels:           0  
  Clock Path Skew:        0.013ns (DCD - SCD - CPR)
    Destination Clock Delay (DCD):    -0.761ns
    Source Clock Delay      (SCD):    -0.526ns
    Clock Pessimism Removal (CPR):    -0.249ns

    Location             Delay type                Incr(ns)  Path(ns)    Netlist Resource(s)
  -------------------------------------------------------------------    -------------------
                         (clock hardware_clock.clock_raw rise edge)
                                                      0.000     0.000 r  
    E3                                                0.000     0.000 r  clk_100mhz (IN)
                         net (fo=0)                   0.000     0.000    clk_100mhz
    E3                   IBUF (Prop_ibuf_I_O)         0.250     0.250 r  clk_100mhz_IBUF_inst/O
                         net (fo=1, routed)           0.440     0.690    clk_100mhz_IBUF
    MMCME2_ADV_X1Y2      MMCME2_ADV (Prop_mmcme2_adv_CLKIN1_CLKOUT0)
                                                     -2.379    -1.689 r  hardware_clock.mmcm/CLKOUT0
                         net (fo=1, routed)           0.499    -1.190    hardware_clock.clock_raw
    BUFGCTRL_X0Y16       BUFG (Prop_bufg_I_O)         0.026    -1.164 r  hardware_clock.core_buffer/O
                         net (fo=12877, routed)       0.638    -0.526    u_synth/g_uart.u_uart/clk
    SLICE_X35Y48         FDRE                                         r  u_synth/g_uart.u_uart/wrq_push_w_reg[30]/C
  -------------------------------------------------------------------    -------------------
    SLICE_X35Y48         FDRE (Prop_fdre_C_Q)         0.141    -0.385 r  u_synth/g_uart.u_uart/wrq_push_w_reg[30]/Q
                         net (fo=1, routed)           0.056    -0.329    u_synth/g_uart.u_uart/wrq_reg_0_7_30_35/DIA0
    SLICE_X34Y48         RAMD32                                       r  u_synth/g_uart.u_uart/wrq_reg_0_7_30_35/RAMA/I
  -------------------------------------------------------------------    -------------------

                         (clock hardware_clock.clock_raw rise edge)
                                                      0.000     0.000 r  
    E3                                                0.000     0.000 r  clk_100mhz (IN)
                         net (fo=0)                   0.000     0.000    clk_100mhz
    E3                   IBUF (Prop_ibuf_I_O)         0.438     0.438 r  clk_100mhz_IBUF_inst/O
                         net (fo=1, routed)           0.480     0.918    clk_100mhz_IBUF
    MMCME2_ADV_X1Y2      MMCME2_ADV (Prop_mmcme2_adv_CLKIN1_CLKOUT0)
                                                     -3.163    -2.245 r  hardware_clock.mmcm/CLKOUT0
                         net (fo=1, routed)           0.544    -1.702    hardware_clock.clock_raw
    BUFGCTRL_X0Y16       BUFG (Prop_bufg_I_O)         0.029    -1.673 r  hardware_clock.core_buffer/O
                         net (fo=12877, routed)       0.912    -0.761    u_synth/g_uart.u_uart/wrq_reg_0_7_30_35/WCLK
    SLICE_X34Y48         RAMD32                                       r  u_synth/g_uart.u_uart/wrq_reg_0_7_30_35/RAMA/CLK
                         clock pessimism              0.249    -0.513    
    SLICE_X34Y48         RAMD32 (Hold_ramd32_CLK_I)
                                                      0.147    -0.366    u_synth/g_uart.u_uart/wrq_reg_0_7_30_35/RAMA
  -------------------------------------------------------------------
                         required time                          0.366    
                         arrival time                          -0.329    
  -------------------------------------------------------------------
                         slack                                  0.037    





Pulse Width Checks
--------------------------------------------------------------------------------------
Clock Name:         hardware_clock.clock_raw
Waveform(ns):       { 0.000 40.690 }
Period(ns):         81.380
Sources:            { hardware_clock.mmcm/CLKOUT0 }

Check Type        Corner  Lib Pin             Reference Pin  Required(ns)  Actual(ns)  Slack(ns)  Location         Pin
Min Period        n/a     BUFG/I              n/a            2.155         81.380      79.225     BUFGCTRL_X0Y16   hardware_clock.core_buffer/I
Max Period        n/a     MMCME2_ADV/CLKOUT0  n/a            213.360       81.380      131.980    MMCME2_ADV_X1Y2  hardware_clock.mmcm/CLKOUT0
Low Pulse Width   Slow    RAMD64E/CLK         n/a            1.250         40.690      39.440     SLICE_X30Y48     u_synth/g_uart.u_uart/evq_reg_0_63_0_2/RAMA/CLK
High Pulse Width  Slow    RAMD64E/CLK         n/a            1.250         40.690      39.440     SLICE_X30Y48     u_synth/g_uart.u_uart/evq_reg_0_63_0_2/RAMA/CLK



---------------------------------------------------------------------------------------------------
From Clock:  hardware_clock.feedback_raw
  To Clock:  hardware_clock.feedback_raw

Setup :           NA  Failing Endpoints,  Worst Slack           NA  ,  Total Violation           NA
Hold  :           NA  Failing Endpoints,  Worst Slack           NA  ,  Total Violation           NA
PW    :            0  Failing Endpoints,  Worst Slack       47.845ns,  Total Violation        0.000ns
---------------------------------------------------------------------------------------------------


Pulse Width Checks
--------------------------------------------------------------------------------------
Clock Name:         hardware_clock.feedback_raw
Waveform(ns):       { 0.000 25.000 }
Period(ns):         50.000
Sources:            { hardware_clock.mmcm/CLKFBOUT }

Check Type  Corner  Lib Pin             Reference Pin  Required(ns)  Actual(ns)  Slack(ns)  Location         Pin
Min Period  n/a     BUFG/I              n/a            2.155         50.000      47.845     BUFGCTRL_X0Y17   hardware_clock.feedback_buffer/I
Max Period  n/a     MMCME2_ADV/CLKFBIN  n/a            100.000       50.000      50.000     MMCME2_ADV_X1Y2  hardware_clock.mmcm/CLKFBIN



