Copyright 1986-2022 Xilinx, Inc. All Rights Reserved. Copyright 2022-2025 Advanced Micro Devices, Inc. All Rights Reserved.
---------------------------------------------------------------------------------------------------------------------------------------------
| Tool Version : Vivado v.2025.1 (lin64) Build 6140274 Wed May 21 22:58:25 MDT 2025
| Date         : Tue Sep 22 08:46:19 2026
| Host         : ip-172-31-72-198 running 64-bit Ubuntu 22.04.5 LTS
| Command      : report_utilization -file /home/ubuntu/uart-bridge-build/build/arty/utilization.rpt
| Design       : arty_a7_top
| Device       : xc7a100tcsg324-1
| Speed File   : -1
| Design State : Routed
---------------------------------------------------------------------------------------------------------------------------------------------

Utilization Design Information

Table of Contents
-----------------
1. Slice Logic
1.1 Summary of Registers by Type
2. Slice Logic Distribution
3. Memory
4. DSP
5. IO and GT Specific
6. Clocking
7. Specific Feature
8. Primitives
9. Black Boxes
10. Instantiated Netlists

1. Slice Logic
--------------

+----------------------------+-------+-------+------------+-----------+-------+
|          Site Type         |  Used | Fixed | Prohibited | Available | Util% |
+----------------------------+-------+-------+------------+-----------+-------+
| Slice LUTs                 | 13227 |     0 |          0 |     63400 | 20.86 |
|   LUT as Logic             | 13078 |     0 |          0 |     63400 | 20.63 |
|   LUT as Memory            |   149 |     0 |          0 |     19000 |  0.78 |
|     LUT as Distributed RAM |   128 |     0 |            |           |       |
|     LUT as Shift Register  |    21 |     0 |            |           |       |
| Slice Registers            | 12612 |     0 |          0 |    126800 |  9.95 |
|   Register as Flip Flop    | 12612 |     0 |          0 |    126800 |  9.95 |
|   Register as Latch        |     0 |     0 |          0 |    126800 |  0.00 |
| F7 Muxes                   |  1323 |     0 |          0 |     31700 |  4.17 |
| F8 Muxes                   |   329 |     0 |          0 |     15850 |  2.08 |
+----------------------------+-------+-------+------------+-----------+-------+
* Warning! LUT value is adjusted to account for LUT combining.


1.1 Summary of Registers by Type
--------------------------------

+-------+--------------+-------------+--------------+
| Total | Clock Enable | Synchronous | Asynchronous |
+-------+--------------+-------------+--------------+
| 0     |            _ |           - |            - |
| 0     |            _ |           - |          Set |
| 0     |            _ |           - |        Reset |
| 0     |            _ |         Set |            - |
| 0     |            _ |       Reset |            - |
| 0     |          Yes |           - |            - |
| 0     |          Yes |           - |          Set |
| 14    |          Yes |           - |        Reset |
| 70    |          Yes |         Set |            - |
| 12528 |          Yes |       Reset |            - |
+-------+--------------+-------------+--------------+


2. Slice Logic Distribution
---------------------------

+--------------------------------------------+-------+-------+------------+-----------+-------+
|                  Site Type                 |  Used | Fixed | Prohibited | Available | Util% |
+--------------------------------------------+-------+-------+------------+-----------+-------+
| Slice                                      |  6081 |     0 |          0 |     15850 | 38.37 |
|   SLICEL                                   |  4201 |     0 |            |           |       |
|   SLICEM                                   |  1880 |     0 |            |           |       |
| LUT as Logic                               | 13078 |     0 |          0 |     63400 | 20.63 |
|   using O5 output only                     |    61 |       |            |           |       |
|   using O6 output only                     | 10341 |       |            |           |       |
|   using O5 and O6                          |  2676 |       |            |           |       |
| LUT as Memory                              |   149 |     0 |          0 |     19000 |  0.78 |
|   LUT as Distributed RAM                   |   128 |     0 |            |           |       |
|     using O5 output only                   |     0 |       |            |           |       |
|     using O6 output only                   |    78 |       |            |           |       |
|     using O5 and O6                        |    50 |       |            |           |       |
|   LUT as Shift Register                    |    21 |     0 |            |           |       |
|     using O5 output only                   |    21 |       |            |           |       |
|     using O6 output only                   |     0 |       |            |           |       |
|     using O5 and O6                        |     0 |       |            |           |       |
| Slice Registers                            | 12612 |     0 |          0 |    126800 |  9.95 |
|   Register driven from within the Slice    |  2112 |       |            |           |       |
|   Register driven from outside the Slice   | 10500 |       |            |           |       |
|     LUT in front of the register is unused |  6657 |       |            |           |       |
|     LUT in front of the register is used   |  3843 |       |            |           |       |
| Unique Control Sets                        |   448 |       |          0 |     15850 |  2.83 |
+--------------------------------------------+-------+-------+------------+-----------+-------+
* * Note: Available Control Sets calculated as Slice * 1, Review the Control Sets Report for more information regarding control sets.


3. Memory
---------

+----------------+------+-------+------------+-----------+-------+
|    Site Type   | Used | Fixed | Prohibited | Available | Util% |
+----------------+------+-------+------------+-----------+-------+
| Block RAM Tile |    0 |     0 |          0 |       135 |  0.00 |
|   RAMB36/FIFO* |    0 |     0 |          0 |       135 |  0.00 |
|   RAMB18       |    0 |     0 |          0 |       270 |  0.00 |
+----------------+------+-------+------------+-----------+-------+
* Note: Each Block RAM Tile only has one FIFO logic available and therefore can accommodate only one FIFO36E1 or one FIFO18E1. However, if a FIFO18E1 occupies a Block RAM Tile, that tile can still accommodate a RAMB18E1


4. DSP
------

+----------------+------+-------+------------+-----------+-------+
|    Site Type   | Used | Fixed | Prohibited | Available | Util% |
+----------------+------+-------+------------+-----------+-------+
| DSPs           |  100 |     0 |          0 |       240 | 41.67 |
|   DSP48E1 only |  100 |       |            |           |       |
+----------------+------+-------+------------+-----------+-------+


5. IO and GT Specific
---------------------

+-----------------------------+------+-------+------------+-----------+-------+
|          Site Type          | Used | Fixed | Prohibited | Available | Util% |
+-----------------------------+------+-------+------------+-----------+-------+
| Bonded IOB                  |   15 |    15 |          0 |       210 |  7.14 |
|   IOB Master Pads           |    5 |       |            |           |       |
|   IOB Slave Pads            |    8 |       |            |           |       |
| Bonded IPADs                |    0 |     0 |          0 |         2 |  0.00 |
| PHY_CONTROL                 |    0 |     0 |          0 |         6 |  0.00 |
| PHASER_REF                  |    0 |     0 |          0 |         6 |  0.00 |
| OUT_FIFO                    |    0 |     0 |          0 |        24 |  0.00 |
| IN_FIFO                     |    0 |     0 |          0 |        24 |  0.00 |
| IDELAYCTRL                  |    0 |     0 |          0 |         6 |  0.00 |
| IBUFDS                      |    0 |     0 |          0 |       202 |  0.00 |
| PHASER_OUT/PHASER_OUT_PHY   |    0 |     0 |          0 |        24 |  0.00 |
| PHASER_IN/PHASER_IN_PHY     |    0 |     0 |          0 |        24 |  0.00 |
| IDELAYE2/IDELAYE2_FINEDELAY |    0 |     0 |          0 |       300 |  0.00 |
| ILOGIC                      |    0 |     0 |          0 |       210 |  0.00 |
| OLOGIC                      |    0 |     0 |          0 |       210 |  0.00 |
+-----------------------------+------+-------+------------+-----------+-------+


6. Clocking
-----------

+------------+------+-------+------------+-----------+-------+
|  Site Type | Used | Fixed | Prohibited | Available | Util% |
+------------+------+-------+------------+-----------+-------+
| BUFGCTRL   |    2 |     0 |          0 |        32 |  6.25 |
| BUFIO      |    0 |     0 |          0 |        24 |  0.00 |
| MMCME2_ADV |    1 |     0 |          0 |         6 | 16.67 |
| PLLE2_ADV  |    0 |     0 |          0 |         6 |  0.00 |
| BUFMRCE    |    0 |     0 |          0 |        12 |  0.00 |
| BUFHCE     |    0 |     0 |          0 |        96 |  0.00 |
| BUFR       |    0 |     0 |          0 |        24 |  0.00 |
+------------+------+-------+------------+-----------+-------+


7. Specific Feature
-------------------

+-------------+------+-------+------------+-----------+-------+
|  Site Type  | Used | Fixed | Prohibited | Available | Util% |
+-------------+------+-------+------------+-----------+-------+
| BSCANE2     |    0 |     0 |          0 |         4 |  0.00 |
| CAPTUREE2   |    0 |     0 |          0 |         1 |  0.00 |
| DNA_PORT    |    0 |     0 |          0 |         1 |  0.00 |
| EFUSE_USR   |    0 |     0 |          0 |         1 |  0.00 |
| FRAME_ECCE2 |    0 |     0 |          0 |         1 |  0.00 |
| ICAPE2      |    0 |     0 |          0 |         2 |  0.00 |
| PCIE_2_1    |    0 |     0 |          0 |         1 |  0.00 |
| STARTUPE2   |    0 |     0 |          0 |         1 |  0.00 |
| XADC        |    0 |     0 |          0 |         1 |  0.00 |
+-------------+------+-------+------------+-----------+-------+


8. Primitives
-------------

+------------+-------+---------------------+
|  Ref Name  |  Used | Functional Category |
+------------+-------+---------------------+
| FDRE       | 12528 |        Flop & Latch |
| LUT6       |  5732 |                 LUT |
| LUT2       |  2525 |                 LUT |
| LUT4       |  2459 |                 LUT |
| LUT3       |  2270 |                 LUT |
| LUT5       |  1845 |                 LUT |
| MUXF7      |  1323 |               MuxFx |
| CARRY4     |  1285 |          CarryLogic |
| LUT1       |   923 |                 LUT |
| MUXF8      |   329 |               MuxFx |
| DSP48E1    |   100 |    Block Arithmetic |
| RAMD64E    |    78 |  Distributed Memory |
| RAMD32     |    76 |  Distributed Memory |
| FDSE       |    70 |        Flop & Latch |
| RAMS32     |    24 |  Distributed Memory |
| SRL16E     |    21 |  Distributed Memory |
| FDCE       |    14 |        Flop & Latch |
| OBUF       |     9 |                  IO |
| IBUF       |     6 |                  IO |
| BUFG       |     2 |               Clock |
| MMCME2_ADV |     1 |               Clock |
+------------+-------+---------------------+


9. Black Boxes
--------------

+----------+------+
| Ref Name | Used |
+----------+------+


10. Instantiated Netlists
-------------------------

+----------+------+
| Ref Name | Used |
+----------+------+


