==============================================================================
FAIL(1)         12.1s  /Users/joseph/dev/2amlogic/gf180-monosynth/.venv/bin/python rtl-sketch/verify_deadline.py --analyse-capture rtl-sketch/build/deadline/extreme-pulse-mod-p2x-skip2xwin --record docs/deadline/runs/cand-extreme-pulse-mod-p2x-skip2xwin.json --json docs/deadline/reanalysis/cand-extreme-pulse-mod-p2x-skip2xwin.json
                worst frame 310: strobe 233 (slack 21), voice 9..232, drum 9..125, waits r/osc/d/y 57/60/23/11, windows 0/3, im1 3, sk 0
                worst frame 312: strobe 233 (slack 21), voice 9..232, drum 9..125, waits r/osc/d/y 57/60/23/11, windows 0/3, im1 3, sk 0
                worst frame 314: strobe 233 (slack 21), voice 9..232, drum 9..125, waits r/osc/d/y 57/60/23/11, windows 0/3, im1 3, sk 0
              verify_deadline: coverage (frames): {'three_2x_gate_on': 1861, 'three_2x_audible_gate_on': 1861, 'three_2x_audible_dfilt': 1861, 'three_rect_2x_gate_on': 1861, 'three_2x_audible_with_strike': 32}
              verify_deadline: I2S: 2168 of 2168 required periods compared (2168 decoded), 1809 differ from the model; L!=R 0; bad width 0; writes 357/357, corrupted 0, off-prediction 0
              verify_deadline: FAIL -- wire_mismatch 1809
FAIL(1)         12.4s  /Users/joseph/dev/2amlogic/gf180-monosynth/.venv/bin/python rtl-sketch/verify_deadline.py --analyse-capture rtl-sketch/build/deadline/extreme-pulse-p2x-skip2xwin --record docs/deadline/runs/cand-extreme-pulse-p2x-skip2xwin.json --json docs/deadline/reanalysis/cand-extreme-pulse-p2x-skip2xwin.json
                worst frame 355: strobe 230 (slack 24), voice 9..229, drum 9..125, waits r/osc/d/y 57/60/23/5, windows 0/3, im1 0, sk 0
                worst frame 356: strobe 230 (slack 24), voice 9..229, drum 9..125, waits r/osc/d/y 57/60/23/5, windows 0/3, im1 0, sk 0
                worst frame 357: strobe 230 (slack 24), voice 9..229, drum 9..125, waits r/osc/d/y 57/60/23/5, windows 0/3, im1 0, sk 0
              verify_deadline: coverage (frames): {'three_2x_gate_on': 1861, 'three_2x_audible_gate_on': 1861, 'three_2x_audible_dfilt': 1861, 'three_rect_2x_gate_on': 1861, 'three_2x_audible_with_strike': 32}
              verify_deadline: I2S: 2168 of 2168 required periods compared (2168 decoded), 1809 differ from the model; L!=R 0; bad width 0; writes 357/357, corrupted 0, off-prediction 0
              verify_deadline: FAIL -- wire_mismatch 1809
FAIL(1)         12.1s  /Users/joseph/dev/2amlogic/gf180-monosynth/.venv/bin/python rtl-sketch/verify_deadline.py --analyse-capture rtl-sketch/build/deadline/extreme-saw-mod-skip2xwin --record docs/deadline/runs/cand-extreme-saw-mod-skip2xwin.json --json docs/deadline/reanalysis/cand-extreme-saw-mod-skip2xwin.json
                worst frame 310: strobe 233 (slack 21), voice 9..232, drum 9..125, waits r/osc/d/y 57/60/23/11, windows 0/3, im1 3, sk 0
                worst frame 311: strobe 233 (slack 21), voice 9..232, drum 9..125, waits r/osc/d/y 57/60/23/11, windows 0/3, im1 3, sk 0
                worst frame 312: strobe 233 (slack 21), voice 9..232, drum 9..125, waits r/osc/d/y 57/60/23/11, windows 0/3, im1 3, sk 0
              verify_deadline: coverage (frames): {'three_saws_gate_on': 1861, 'three_2x_gate_on': 1861, 'three_2x_audible_gate_on': 1861, 'three_2x_audible_dfilt': 1861, 'three_2x_audible_with_strike': 32}
              verify_deadline: I2S: 2168 of 2168 required periods compared (2168 decoded), 1809 differ from the model; L!=R 0; bad width 0; writes 357/357, corrupted 0, off-prediction 0
              verify_deadline: FAIL -- wire_mismatch 1809
PASS            12.1s  /Users/joseph/dev/2amlogic/gf180-monosynth/.venv/bin/python rtl-sketch/verify_deadline.py --analyse-capture rtl-sketch/build/deadline/stress-pulse-p2x-skip2xwin --record docs/deadline/runs/cand-stress-pulse-p2x-skip2xwin.json --json docs/deadline/reanalysis/cand-stress-pulse-p2x-skip2xwin.json
                worst frame 514: strobe 233 (slack 21), voice 9..232, drum 9..125, waits r/osc/d/y 57/60/23/5, windows 0/3, im1 3, sk 0
                worst frame 515: strobe 233 (slack 21), voice 9..232, drum 9..125, waits r/osc/d/y 57/60/23/5, windows 0/3, im1 3, sk 0
                worst frame 516: strobe 233 (slack 21), voice 9..232, drum 9..125, waits r/osc/d/y 57/60/23/5, windows 0/3, im1 3, sk 0
              verify_deadline: coverage (frames): {'three_2x_gate_on': 1789, 'three_2x_audible_gate_on': 1789, 'three_rect_2x_gate_on': 1641, 'three_2x_audible_with_strike': 47, 'three_2x_audible_dfilt': 1333, 'three_saws_gate_on': 142}
              verify_deadline: I2S: 2156 of 2156 required periods compared (2156 decoded), 0 differ from the model; L!=R 0; bad width 0; writes 460/460, corrupted 0, off-prediction 0
              verify_deadline: PASS -- zero missed frames, worst sample slack 21 cycles, I2S identical to the model
PASS            12.2s  /Users/joseph/dev/2amlogic/gf180-monosynth/.venv/bin/python rtl-sketch/verify_deadline.py --analyse-capture rtl-sketch/build/deadline/arty-uart-late160 --record docs/deadline/runs/ctl-arty-late160.json --json docs/deadline/reanalysis/ctl-arty-late160.json --expect-fail
                worst frame 2497: strobe 146 (slack 108), voice -1..145, drum 9..125, waits r/osc/d/y 0/0/0/0, windows 0/0, im1 0, sk 0
                worst frame 2499: strobe 146 (slack 108), voice -1..145, drum 9..125, waits r/osc/d/y 0/0/0/0, windows 0/0, im1 0, sk 0
                worst frame 2631: strobe 146 (slack 108), voice -1..145, drum 9..125, waits r/osc/d/y 0/0/0/0, windows 0/0, im1 0, sk 0
              verify_deadline: I2S: 3300 of 3300 required periods compared (3498 decoded), 989 differ from the model; L!=R 0; bad width 0; writes 71/71, corrupted 0, off-prediction 0
              verify_deadline: FAIL -- 3496 missed frame(s), first [2, 3, 4, 5, 6]; datapath busy at 1749 tick(s); sticky overrun flag set; 1749 frame(s) with no sample; 16 write(s) during computation, 0 frame(s) with a write at/after go; wire_mismatch 989; core_bad 990
              verify_deadline: negative control late:160 CAUGHT by the deadline check
PASS            12.2s  /Users/joseph/dev/2amlogic/gf180-monosynth/.venv/bin/python rtl-sketch/verify_deadline.py --analyse-capture rtl-sketch/build/deadline/threesaw-f1cal-late160 --record docs/deadline/runs/ctl-prod-late160.json --json docs/deadline/reanalysis/ctl-prod-late160.json --expect-fail
                worst frame 63: strobe 79 (slack 175), voice -1..78, drum 9..125, waits r/osc/d/y 0/0/0/0, windows 0/0, im1 0, sk 0
                worst frame 65: strobe 79 (slack 175), voice -1..78, drum 9..125, waits r/osc/d/y 0/0/0/0, windows 0/0, im1 0, sk 0
              verify_deadline: coverage (frames): {'three_saws_gate_on': 3629, 'three_2x_gate_on': 3629}
              verify_deadline: I2S: 3692 of 3692 required periods compared (3692 decoded), 3624 differ from the model; L!=R 0; bad width 0; writes 60/60, corrupted 0, off-prediction 0
              verify_deadline: FAIL -- 3691 missed frame(s), first [2, 3, 4, 5, 6]; datapath busy at 1846 tick(s); sticky overrun flag set; 1846 frame(s) with no sample; 29 write(s) during computation, 0 frame(s) with a write at/after go; wire_mismatch 3624
              verify_deadline: negative control late:160 CAUGHT by the deadline check
PASS            12.1s  /Users/joseph/dev/2amlogic/gf180-monosynth/.venv/bin/python rtl-sketch/verify_deadline.py --analyse-capture rtl-sketch/build/deadline/stress-saw-late14 --record docs/deadline/runs/ctl-prod-stress-late14.json --json docs/deadline/reanalysis/ctl-prod-stress-late14.json
                worst frame 538: strobe 254 (slack 0), voice 9..253, drum 9..125, waits r/osc/d/y 57/60/23/5, windows 2/6, im1 3, sk 0
                worst frame 585: strobe 254 (slack 0), voice 9..253, drum 9..125, waits r/osc/d/y 57/60/23/5, windows 2/6, im1 3, sk 0
                worst frame 586: strobe 254 (slack 0), voice 9..253, drum 9..125, waits r/osc/d/y 57/60/23/5, windows 2/6, im1 3, sk 0
              verify_deadline: coverage (frames): {'three_saws_gate_on': 1644, 'three_2x_gate_on': 1644, 'three_2x_audible_gate_on': 1644, 'three_2x_audible_with_strike': 44, 'three_2x_audible_dfilt': 1188}
              verify_deadline: I2S: 2156 of 2156 required periods compared (2156 decoded), 0 differ from the model; L!=R 0; bad width 0; writes 460/460, corrupted 0, off-prediction 0
              verify_deadline: PASS -- zero missed frames, worst sample slack 0 cycles, I2S identical to the model
PASS            12.1s  /Users/joseph/dev/2amlogic/gf180-monosynth/.venv/bin/python rtl-sketch/verify_deadline.py --analyse-capture rtl-sketch/build/deadline/stress-saw-late15 --record docs/deadline/runs/ctl-prod-stress-late15.json --json docs/deadline/reanalysis/ctl-prod-stress-late15.json --expect-fail
                worst frame 585: strobe 255 (slack -1), voice 9..254, drum 9..125, waits r/osc/d/y 57/60/23/5, windows 2/6, im1 3, sk 0
                worst frame 586: strobe 255 (slack -1), voice 9..254, drum 9..125, waits r/osc/d/y 57/60/23/5, windows 2/6, im1 3, sk 0
              verify_deadline: coverage (frames): {'three_saws_gate_on': 1644, 'three_2x_gate_on': 1644, 'three_2x_audible_gate_on': 1644, 'three_2x_audible_with_strike': 44, 'three_2x_audible_dfilt': 1188}
              verify_deadline: I2S: 2156 of 2156 required periods compared (2156 decoded), 38 differ from the model; L!=R 0; bad width 0; writes 460/460, corrupted 0, off-prediction 0
              verify_deadline: FAIL -- 41 missed frame(s), first [538, 585, 586, 840, 841]; wire_mismatch 38
              verify_deadline: negative control late:15 CAUGHT by the deadline check
PASS            12.1s  /Users/joseph/dev/2amlogic/gf180-monosynth/.venv/bin/python rtl-sketch/verify_deadline.py --analyse-capture rtl-sketch/build/deadline/arty-uart --record docs/deadline/runs/prod-arty-uart.json --json docs/deadline/reanalysis/prod-arty-uart.json
              verify_deadline: max per-frame waits: reciprocal 57, 2x bank 60, drum handshake 23 cycles; max active PolyBLEP windows 3; cost model {'analysis_version': 2, 'formula': 'strobe = C + rwait + oscwait + dwait + win + 2*w1 + im1 + 3*sk; overlap condition ywait >= 2', 'checked_frames': 3496, 'frames_without_strobe': 0, 'constant': 87, 'residuals': {87: 3496}, 'ywait_range': [5, 11], 'exceptions': 0, 'first_exceptions': [], 'explained': True}
                worst frame 2439: strobe 240 (slack 14), voice 9..239, drum 9..125, waits r/osc/d/y 57/60/23/5, windows 2/6, im1 3, sk 0
                worst frame 2440: strobe 240 (slack 14), voice 9..239, drum 9..125, waits r/osc/d/y 57/60/23/5, windows 2/6, im1 3, sk 0
                worst frame 2482: strobe 240 (slack 14), voice 9..239, drum 9..125, waits r/osc/d/y 57/60/23/5, windows 2/6, im1 3, sk 0
              verify_deadline: I2S: 3300 of 3300 required periods compared (3498 decoded), 0 differ from the model; L!=R 0; bad width 0; writes 71/71, corrupted 0, off-prediction 0
              verify_deadline: PASS -- zero missed frames, worst sample slack 14 cycles, I2S identical to the model
FAIL(1)         12.0s  /Users/joseph/dev/2amlogic/gf180-monosynth/.venv/bin/python rtl-sketch/verify_deadline.py --analyse-capture rtl-sketch/build/deadline/extreme-pulse-mod-p2x --record docs/deadline/runs/prod-extreme-pulse-mod-p2x.json --json docs/deadline/reanalysis/prod-extreme-pulse-mod-p2x.json
                worst frame 354: strobe 239 (slack 15), voice 9..238, drum 9..125, waits r/osc/d/y 38/60/23/5, windows 8/12, im1 3, sk 0
                worst frame 1953: strobe 239 (slack 15), voice 9..238, drum 9..125, waits r/osc/d/y 38/60/28/9, windows 8/12, im1 3, sk 0
                worst frame 352: strobe 224 (slack 30), voice 9..223, drum 9..125, waits r/osc/d/y 19/60/28/9, windows 10/12, im1 3, sk 0
              verify_deadline: coverage (frames): {'three_2x_gate_on': 1861, 'three_2x_audible_gate_on': 1861, 'three_2x_audible_dfilt': 1861, 'three_rect_2x_gate_on': 1861, 'three_2x_audible_with_strike': 32}
              verify_deadline: I2S: 2168 of 2168 required periods compared (2168 decoded), 1836 differ from the model; L!=R 0; bad width 0; writes 357/357, corrupted 0, off-prediction 0
              verify_deadline: FAIL -- 1739 missed frame(s), first [310, 311, 312, 313, 314]; datapath busy at 1675 tick(s); sticky overrun flag set; 64 frame(s) with no sample; 113 write(s) during computation, 0 frame(s) with a write at/after go; wire_mismatch 1836
FAIL(1)          8.2s  /Users/joseph/dev/2amlogic/gf180-monosynth/.venv/bin/python rtl-sketch/verify_deadline.py --analyse-capture rtl-sketch/build/deadline/extreme-pulse-p2x --record docs/deadline/runs/prod-extreme-pulse-p2x.json --json docs/deadline/reanalysis/prod-extreme-pulse-p2x.json
                worst frame 356: strobe 255 (slack -1), voice 9..254, drum 9..125, waits r/osc/d/y 57/60/23/5, windows 8/12, im1 0, sk 0
                worst frame 361: strobe 255 (slack -1), voice 9..254, drum 9..125, waits r/osc/d/y 57/60/23/5, windows 8/12, im1 0, sk 0
                worst frame 366: strobe 255 (slack -1), voice 9..254, drum 9..125, waits r/osc/d/y 57/60/23/5, windows 8/12, im1 0, sk 0
              verify_deadline: coverage (frames): {'three_2x_gate_on': 1861, 'three_2x_audible_gate_on': 1861, 'three_2x_audible_dfilt': 1861, 'three_rect_2x_gate_on': 1861, 'three_2x_audible_with_strike': 32}
              verify_deadline: I2S: 2168 of 2168 required periods compared (2168 decoded), 1812 differ from the model; L!=R 0; bad width 0; writes 357/357, corrupted 0, off-prediction 0
              verify_deadline: FAIL -- 1597 missed frame(s), first [355, 356, 357, 358, 359]; datapath busy at 1293 tick(s); sticky overrun flag set; 262 frame(s) with no sample; 82 write(s) during computation, 0 frame(s) with a write at/after go; wire_mismatch 1812
FAIL(1)          8.0s  /Users/joseph/dev/2amlogic/gf180-monosynth/.venv/bin/python rtl-sketch/verify_deadline.py --analyse-capture rtl-sketch/build/deadline/extreme-saw-mod --record docs/deadline/runs/prod-extreme-saw-mod.json --json docs/deadline/reanalysis/prod-extreme-saw-mod.json
                worst frame 310: strobe 248 (slack 6), voice 9..247, drum 9..125, waits r/osc/d/y 57/60/23/11, windows 6/6, im1 3, sk 0
                worst frame 322: strobe 248 (slack 6), voice 9..247, drum 9..125, waits r/osc/d/y 57/60/23/11, windows 6/6, im1 3, sk 0
                worst frame 327: strobe 248 (slack 6), voice 9..247, drum 9..125, waits r/osc/d/y 57/60/23/11, windows 6/6, im1 3, sk 0
              verify_deadline: coverage (frames): {'three_saws_gate_on': 1861, 'three_2x_gate_on': 1861, 'three_2x_audible_gate_on': 1861, 'three_2x_audible_dfilt': 1861, 'three_2x_audible_with_strike': 32}
              verify_deadline: I2S: 2168 of 2168 required periods compared (2168 decoded), 1809 differ from the model; L!=R 0; bad width 0; writes 357/357, corrupted 0, off-prediction 0
              verify_deadline: FAIL -- wire_mismatch 1809
FAIL(1)          8.3s  /Users/joseph/dev/2amlogic/gf180-monosynth/.venv/bin/python rtl-sketch/verify_deadline.py --analyse-capture rtl-sketch/build/deadline/extreme-saw --record docs/deadline/runs/prod-extreme-saw.json --json docs/deadline/reanalysis/prod-extreme-saw.json
                worst frame 355: strobe 245 (slack 9), voice 9..244, drum 9..125, waits r/osc/d/y 57/60/23/5, windows 6/6, im1 0, sk 0
                worst frame 359: strobe 245 (slack 9), voice 9..244, drum 9..125, waits r/osc/d/y 57/60/23/5, windows 6/6, im1 0, sk 0
                worst frame 360: strobe 245 (slack 9), voice 9..244, drum 9..125, waits r/osc/d/y 57/60/23/5, windows 6/6, im1 0, sk 0
              verify_deadline: coverage (frames): {'three_saws_gate_on': 1861, 'three_2x_gate_on': 1861, 'three_2x_audible_gate_on': 1861, 'three_2x_audible_dfilt': 1861, 'three_2x_audible_with_strike': 32}
              verify_deadline: I2S: 2168 of 2168 required periods compared (2168 decoded), 1809 differ from the model; L!=R 0; bad width 0; writes 357/357, corrupted 0, off-prediction 0
              verify_deadline: FAIL -- wire_mismatch 1809
PASS             8.3s  /Users/joseph/dev/2amlogic/gf180-monosynth/.venv/bin/python rtl-sketch/verify_deadline.py --analyse-capture rtl-sketch/build/deadline/stress-pulse-p2x --record docs/deadline/runs/prod-stress-pulse-p2x.json --json docs/deadline/reanalysis/prod-stress-pulse-p2x.json
                worst frame 1315: strobe 250 (slack 4), voice 9..249, drum 9..125, waits r/osc/d/y 57/60/23/5, windows 4/12, im1 3, sk 0
                worst frame 831: strobe 248 (slack 6), voice 9..247, drum 9..125, waits r/osc/d/y 57/60/23/11, windows 3/12, im1 3, sk 0
                worst frame 862: strobe 248 (slack 6), voice 9..247, drum 9..125, waits r/osc/d/y 57/60/23/11, windows 3/12, im1 3, sk 0
              verify_deadline: coverage (frames): {'three_2x_gate_on': 1789, 'three_2x_audible_gate_on': 1789, 'three_rect_2x_gate_on': 1641, 'three_2x_audible_with_strike': 47, 'three_2x_audible_dfilt': 1333, 'three_saws_gate_on': 142}
              verify_deadline: I2S: 2156 of 2156 required periods compared (2156 decoded), 0 differ from the model; L!=R 0; bad width 0; writes 460/460, corrupted 0, off-prediction 0
              verify_deadline: PASS -- zero missed frames, worst sample slack 4 cycles, I2S identical to the model
PASS             8.2s  /Users/joseph/dev/2amlogic/gf180-monosynth/.venv/bin/python rtl-sketch/verify_deadline.py --analyse-capture rtl-sketch/build/deadline/stress-saw-p2x --record docs/deadline/runs/prod-stress-saw-p2x.json --json docs/deadline/reanalysis/prod-stress-saw-p2x.json
                worst frame 632: strobe 242 (slack 12), voice 9..241, drum 9..125, waits r/osc/d/y 57/60/23/5, windows 2/8, im1 3, sk 0
                worst frame 633: strobe 242 (slack 12), voice 9..241, drum 9..125, waits r/osc/d/y 57/60/23/5, windows 2/8, im1 3, sk 0
                worst frame 679: strobe 242 (slack 12), voice 9..241, drum 9..125, waits r/osc/d/y 57/60/23/5, windows 2/8, im1 3, sk 0
              verify_deadline: coverage (frames): {'three_saws_gate_on': 1644, 'three_2x_gate_on': 1789, 'three_2x_audible_gate_on': 1789, 'three_2x_audible_with_strike': 47, 'three_2x_audible_dfilt': 1333}
              verify_deadline: I2S: 2156 of 2156 required periods compared (2156 decoded), 0 differ from the model; L!=R 0; bad width 0; writes 460/460, corrupted 0, off-prediction 0
              verify_deadline: PASS -- zero missed frames, worst sample slack 12 cycles, I2S identical to the model
PASS             8.2s  /Users/joseph/dev/2amlogic/gf180-monosynth/.venv/bin/python rtl-sketch/verify_deadline.py --analyse-capture rtl-sketch/build/deadline/stress-saw --record docs/deadline/runs/prod-stress-saw.json --json docs/deadline/reanalysis/prod-stress-saw.json
                worst frame 538: strobe 240 (slack 14), voice 9..239, drum 9..125, waits r/osc/d/y 57/60/23/5, windows 2/6, im1 3, sk 0
                worst frame 585: strobe 240 (slack 14), voice 9..239, drum 9..125, waits r/osc/d/y 57/60/23/5, windows 2/6, im1 3, sk 0
                worst frame 586: strobe 240 (slack 14), voice 9..239, drum 9..125, waits r/osc/d/y 57/60/23/5, windows 2/6, im1 3, sk 0
              verify_deadline: coverage (frames): {'three_saws_gate_on': 1644, 'three_2x_gate_on': 1644, 'three_2x_audible_gate_on': 1644, 'three_2x_audible_with_strike': 44, 'three_2x_audible_dfilt': 1188}
              verify_deadline: I2S: 2156 of 2156 required periods compared (2156 decoded), 0 differ from the model; L!=R 0; bad width 0; writes 460/460, corrupted 0, off-prediction 0
              verify_deadline: PASS -- zero missed frames, worst sample slack 14 cycles, I2S identical to the model
PASS             8.2s  /Users/joseph/dev/2amlogic/gf180-monosynth/.venv/bin/python rtl-sketch/verify_deadline.py --analyse-capture rtl-sketch/build/deadline/threesaw-f1cal-p2x --record docs/deadline/runs/prod-threesaw-f1cal-p2x.json --json docs/deadline/reanalysis/prod-threesaw-f1cal-p2x.json
                worst frame 60: strobe 175 (slack 79), voice 9..174, drum 9..125, waits r/osc/d/y 19/60/1/11, windows 1/6, im1 0, sk 0
                worst frame 62: strobe 175 (slack 79), voice 9..174, drum 9..125, waits r/osc/d/y 19/60/1/11, windows 1/6, im1 0, sk 0
                worst frame 63: strobe 175 (slack 79), voice 9..174, drum 9..125, waits r/osc/d/y 19/60/1/11, windows 1/6, im1 0, sk 0
              verify_deadline: coverage (frames): {'three_saws_gate_on': 3629, 'three_2x_gate_on': 3629}
              verify_deadline: I2S: 3692 of 3692 required periods compared (3692 decoded), 0 differ from the model; L!=R 0; bad width 0; writes 60/60, corrupted 0, off-prediction 0
              verify_deadline: PASS -- zero missed frames, worst sample slack 79 cycles, I2S identical to the model
PASS             8.0s  /Users/joseph/dev/2amlogic/gf180-monosynth/.venv/bin/python rtl-sketch/verify_deadline.py --analyse-capture rtl-sketch/build/deadline/threesaw-f1cal --record docs/deadline/runs/prod-threesaw-f1cal.json --json docs/deadline/reanalysis/prod-threesaw-f1cal.json
                worst frame 60: strobe 175 (slack 79), voice 9..174, drum 9..125, waits r/osc/d/y 19/60/1/11, windows 1/6, im1 0, sk 0
                worst frame 62: strobe 175 (slack 79), voice 9..174, drum 9..125, waits r/osc/d/y 19/60/1/11, windows 1/6, im1 0, sk 0
                worst frame 63: strobe 175 (slack 79), voice 9..174, drum 9..125, waits r/osc/d/y 19/60/1/11, windows 1/6, im1 0, sk 0
              verify_deadline: coverage (frames): {'three_saws_gate_on': 3629, 'three_2x_gate_on': 3629}
              verify_deadline: I2S: 3692 of 3692 required periods compared (3692 decoded), 0 differ from the model; L!=R 0; bad width 0; writes 60/60, corrupted 0, off-prediction 0
              verify_deadline: PASS -- zero missed frames, worst sample slack 79 cycles, I2S identical to the model
==============================================================================
11/18 passed  --  FAIL /Users/joseph/dev/2amlogic/gf180-monosynth/.; FAIL /Users/joseph/dev/2amlogic/gf180-monosynth/.; FAIL /Users/joseph/dev/2amlogic/gf180-monosynth/.; FAIL /Users/joseph/dev/2amlogic/gf180-monosynth/.; FAIL /Users/joseph/dev/2amlogic/gf180-monosynth/.; FAIL /Users/joseph/dev/2amlogic/gf180-monosynth/.; FAIL /Users/joseph/dev/2amlogic/gf180-monosynth/.
