==============================================================================
PASS            22.5s  /home/ubuntu/work/venv/bin/python rtl-sketch/verify_deadline.py --scenario stress-pulse --pulse2x --outdir build/r2/dl-stress-pulse-p2x --json build/r2/dl-stress-pulse-p2x.json
                worst frame 516: strobe 234 (slack 20), voice 9..233, drum 9..125, waits r/osc/d/y 57/60/23/5, windows 0/3, im1 3, sk 0
                worst frame 517: strobe 234 (slack 20), voice 9..233, drum 9..125, waits r/osc/d/y 57/60/23/5, windows 0/3, im1 3, sk 0
                worst frame 518: strobe 234 (slack 20), voice 9..233, drum 9..125, waits r/osc/d/y 57/60/23/5, windows 0/3, im1 3, sk 0
              verify_deadline: coverage (frames): {'three_2x_gate_on': 1789, 'three_2x_audible_gate_on': 1789, 'three_rect_2x_gate_on': 1641, 'three_2x_audible_with_strike': 47, 'three_2x_audible_dfilt': 1333, 'three_saws_gate_on': 142}
              verify_deadline: I2S: 2158 of 2158 required periods compared (2158 decoded), 0 differ from the model; L!=R 0; bad width 0; writes 461/461, corrupted 0, off-prediction 0
              verify_deadline: PASS -- zero missed frames, worst sample slack 20 cycles, I2S identical to the model
PASS            20.4s  /home/ubuntu/work/venv/bin/python rtl-sketch/verify_deadline.py --scenario stress-saw --outdir build/r2/dl-stress-saw --json build/r2/dl-stress-saw.json
                worst frame 516: strobe 234 (slack 20), voice 9..233, drum 9..125, waits r/osc/d/y 57/60/23/5, windows 0/3, im1 3, sk 0
                worst frame 517: strobe 234 (slack 20), voice 9..233, drum 9..125, waits r/osc/d/y 57/60/23/5, windows 0/3, im1 3, sk 0
                worst frame 518: strobe 234 (slack 20), voice 9..233, drum 9..125, waits r/osc/d/y 57/60/23/5, windows 0/3, im1 3, sk 0
              verify_deadline: coverage (frames): {'three_saws_gate_on': 1644, 'three_2x_gate_on': 1644, 'three_2x_audible_gate_on': 1644, 'three_2x_audible_with_strike': 44, 'three_2x_audible_dfilt': 1188}
              verify_deadline: I2S: 2158 of 2158 required periods compared (2158 decoded), 0 differ from the model; L!=R 0; bad width 0; writes 461/461, corrupted 0, off-prediction 0
              verify_deadline: PASS -- zero missed frames, worst sample slack 20 cycles, I2S identical to the model
NO-VERDICT       0.4s  /home/ubuntu/work/venv/bin/python rtl-sketch/verify_deadline.py --scenario arty-uart --pulse2x --outdir build/r2/dl-arty-uart-p2x --json build/r2/dl-arty-uart-p2x.json
              verify_deadline: REFUSED -- arty-uart runs the published Arty configuration (OSC2X=1 FILTER2X=1 PULSE2X=0) only
PASS            25.6s  /home/ubuntu/work/venv/bin/python rtl-sketch/verify_deadline.py --scenario stress-pulse --pulse2x --mutant late:20 --outdir build/r2/dl-late20 --json build/r2/dl-late20.json
                worst frame 516: strobe 254 (slack 0), voice 9..253, drum 9..125, waits r/osc/d/y 57/60/23/5, windows 0/3, im1 3, sk 0
                worst frame 517: strobe 254 (slack 0), voice 9..253, drum 9..125, waits r/osc/d/y 57/60/23/5, windows 0/3, im1 3, sk 0
                worst frame 518: strobe 254 (slack 0), voice 9..253, drum 9..125, waits r/osc/d/y 57/60/23/5, windows 0/3, im1 3, sk 0
              verify_deadline: coverage (frames): {'three_2x_gate_on': 1789, 'three_2x_audible_gate_on': 1789, 'three_rect_2x_gate_on': 1641, 'three_2x_audible_with_strike': 47, 'three_2x_audible_dfilt': 1333, 'three_saws_gate_on': 142}
              verify_deadline: I2S: 2158 of 2158 required periods compared (2158 decoded), 0 differ from the model; L!=R 0; bad width 0; writes 461/461, corrupted 0, off-prediction 0
              verify_deadline: PASS -- zero missed frames, worst sample slack 0 cycles, I2S identical to the model
PASS            22.6s  /home/ubuntu/work/venv/bin/python rtl-sketch/verify_deadline.py --scenario stress-pulse --pulse2x --mutant late:21 --expect-fail --outdir build/r2/dl-late21 --json build/r2/dl-late21.json
                worst frame 517: strobe 255 (slack -1), voice 9..254, drum 9..125, waits r/osc/d/y 57/60/23/5, windows 0/3, im1 3, sk 0
                worst frame 518: strobe 255 (slack -1), voice 9..254, drum 9..125, waits r/osc/d/y 57/60/23/5, windows 0/3, im1 3, sk 0
              verify_deadline: coverage (frames): {'three_2x_gate_on': 1789, 'three_2x_audible_gate_on': 1789, 'three_rect_2x_gate_on': 1641, 'three_2x_audible_with_strike': 47, 'three_2x_audible_dfilt': 1333, 'three_saws_gate_on': 142}
              verify_deadline: I2S: 2158 of 2158 required periods compared (2158 decoded), 1005 differ from the model; L!=R 0; bad width 0; writes 461/461, corrupted 0, off-prediction 0
              verify_deadline: FAIL -- 1364 missed frame(s), first [516, 517, 518, 519, 520]; 1364 frame(s) with no sample; wire_mismatch 1005
              verify_deadline: negative control late:21 CAUGHT by the deadline check
FAIL(1)         22.9s  /home/ubuntu/work/venv/bin/python rtl-sketch/verify_deadline.py --scenario stress-saw --mutant skipallwin --outdir build/r2/dl-ctl-skipallwin --json build/r2/dl-ctl-skipallwin.json
                worst frame 516: strobe 234 (slack 20), voice 9..233, drum 9..125, waits r/osc/d/y 57/60/23/5, windows 0/3, im1 3, sk 0
                worst frame 517: strobe 234 (slack 20), voice 9..233, drum 9..125, waits r/osc/d/y 57/60/23/5, windows 0/3, im1 3, sk 0
                worst frame 518: strobe 234 (slack 20), voice 9..233, drum 9..125, waits r/osc/d/y 57/60/23/5, windows 0/3, im1 3, sk 0
              verify_deadline: coverage (frames): {'three_saws_gate_on': 1644, 'three_2x_gate_on': 1644, 'three_2x_audible_gate_on': 1644, 'three_2x_audible_with_strike': 44, 'three_2x_audible_dfilt': 1188}
              verify_deadline: I2S: 2158 of 2158 required periods compared (2158 decoded), 358 differ from the model; L!=R 0; bad width 0; writes 461/461, corrupted 0, off-prediction 0
              verify_deadline: FAIL -- wire_mismatch 358
PASS            22.5s  /home/ubuntu/work/venv/bin/python rtl-sketch/verify_deadline.py --scenario stress-pulse --pulse2x --mutant full2xwin --outdir build/r2/dl-ref-full2xwin --json build/r2/dl-ref-full2xwin.json
                worst frame 1069: strobe 251 (slack 3), voice 9..250, drum 9..125, waits r/osc/d/y 57/60/23/11, windows 4/12, im1 3, sk 0
                worst frame 1276: strobe 251 (slack 3), voice 9..250, drum 9..125, waits r/osc/d/y 57/60/23/5, windows 4/12, im1 3, sk 0
                worst frame 835: strobe 249 (slack 5), voice 9..248, drum 9..125, waits r/osc/d/y 57/60/23/11, windows 3/12, im1 3, sk 0
              verify_deadline: coverage (frames): {'three_2x_gate_on': 1789, 'three_2x_audible_gate_on': 1789, 'three_rect_2x_gate_on': 1641, 'three_2x_audible_with_strike': 47, 'three_2x_audible_dfilt': 1333, 'three_saws_gate_on': 142}
              verify_deadline: I2S: 2158 of 2158 required periods compared (2158 decoded), 0 differ from the model; L!=R 0; bad width 0; writes 461/461, corrupted 0, off-prediction 0
              verify_deadline: PASS -- zero missed frames, worst sample slack 3 cycles, I2S identical to the model
PASS           387.8s  /home/ubuntu/work/venv/bin/python rtl-sketch/verify_voice.py --set quick --osc2x --outdir build/r2/voice-quick-osc2x
                [extremes] 400 frames: 0 sample mismatches, 0 tap mismatches
                [extremes] 500 frames: 0 sample mismatches, 0 tap mismatches
                [extremes] 300 frames: 0 sample mismatches, 0 tap mismatches
                [extremes] 200 frames: 0 sample mismatches, 0 tap mismatches
              verify_voice: PASS -- 74144 frames, every sample and every tap identical to the model; final state identical
              verify_voice: deadline at launch cycle 8: worst strobe cycle 204 (slack 50), worst last-busy cycle 203 (slack 52)
PASS            17.3s  /home/ubuntu/work/venv/bin/python rtl-sketch/verify_voice.py --set quick --only waves3 --filter2x --pulse2x --osc2x --outdir build/r2/voice-waves3-p2x
                [waves3] 576 frames: 0 sample mismatches, 0 tap mismatches
                [waves3] 576 frames: 0 sample mismatches, 0 tap mismatches
                [waves3] 576 frames: 0 sample mismatches, 0 tap mismatches
                [waves3] 576 frames: 0 sample mismatches, 0 tap mismatches
              verify_voice: PASS -- 2880 frames, every sample and every tap identical to the model; final state identical
              verify_voice: deadline at launch cycle 8: worst strobe cycle 197 (slack 57), worst last-busy cycle 196 (slack 59)
PASS            20.0s  /home/ubuntu/work/venv/bin/python rtl-sketch/verify_synth_top.py --osc2x --filter2x --pulse2x --outdir build/r2/top-fullkit-p2x
                sim: tb_top_bx: datapath busy at a tick: 0 (must be 0); overrun 0; overflow 0
              verify_synth_top: built from 78c9df1, outdir /home/ubuntu/work/r2-cand/build/r2/top-fullkit-p2x; synth_top.v 2fc3939d1140, drum_kit.v 23e97ff6e0e4, drum_regs.v 1282ebc944ee; ROMs tanh16.hex a5c4862a7e90, tanh256.hex c6e81324b225; every source from rtl-sketch/
              verify_synth_top: NOTE -- the core strobes its sample as late as cycle 174 of 256, past the LRCLK transition at 128 (32 % of the frame still spare, no overrun). A right-channel-only defect is INVISIBLE at the pins in this configuration: see the I2S_SWAP entry in the Makefile's controls target
              verify_synth_top: writes landed in frames 2..1353; modelling 2854 frames
              verify_synth_top: model peak |sample| 32768 of 32768 (352 frames at the rail); drums |dmix| max 60952, |body| max 172093, DFILT engaged in 139 frames
              verify_synth_top: PASS -- 2851 I2S periods decoded from the wire, every one identical to the model; both channels agree; every slot 32 BCLK; the core's own stream matches too
PASS           799.9s  /home/ubuntu/work/venv/bin/python tools/verify_m5a_filter2x_i2s.py --case M5A --pulse2x --timeout 5400 --outdir build/r2/full-M5A --verification build/r2/M5A.txt --wav build/r2/M5A-i2s.wav --record build/r2/M5A.json --audio build/r2/M5A-scored.wav
              verify_synth_top: writes landed in frames 2..960023; modelling 1305533 frames
              verify_synth_top: decoded I2S WAV written to /home/ubuntu/work/r2-cand/build/r2/M5A-i2s.wav
              verify_synth_top: decoded I2S WAV sha256 5029611f7f52a88d5ef72ec4fcddcfb8d9816830f85486f806204da6604ca55f
              verify_synth_top: model peak |sample| 8535 of 32768 (0 frames at the rail); drums |dmix| max 0, |body| max 0, DFILT engaged in 0 frames
              verify_synth_top: PASS -- 1305533 I2S periods decoded from the wire, every one identical to the model; both channels agree; every slot 32 BCLK; the core's own stream matches too
              verify_synth_top: M5A path verified from SPI pins through the production voice and I2S pins
PASS           357.5s  /home/ubuntu/work/venv/bin/python tools/verify_m5a_filter2x_i2s.py --case M5B --pulse2x --timeout 5400 --outdir build/r2/full-M5B --verification build/r2/M5B.txt --wav build/r2/M5B-i2s.wav --record build/r2/M5B.json --audio build/r2/M5B-scored.wav
              verify_synth_top: writes landed in frames 2..595223; modelling 729533 frames
              verify_synth_top: decoded I2S WAV written to /home/ubuntu/work/r2-cand/build/r2/M5B-i2s.wav
              verify_synth_top: decoded I2S WAV sha256 eb3526b4c5692cd12004290fead4449f0785d05ef705ac215f455a8b9049b042
              verify_synth_top: model peak |sample| 9326 of 32768 (0 frames at the rail); drums |dmix| max 0, |body| max 0, DFILT engaged in 0 frames
              verify_synth_top: PASS -- 729533 I2S periods decoded from the wire, every one identical to the model; both channels agree; every slot 32 BCLK; the core's own stream matches too
              verify_synth_top: M5B path verified from SPI pins through the production voice and I2S pins
FAIL(1)       2529.2s  /home/ubuntu/work/venv/bin/python rtl-sketch/verify_voice.py --set full --osc2x --filter2x --pulse2x --outdir build/r2/voice-full-p2x
              verify_voice: FAIL -- 5338 of 442596 samples differ; tap mismatches: y19 14973, v 13950, out_v 7950
                first sample mismatch at frame 321576 [extremes]: model -32768, RTL 32767
                first y19 mismatch at frame 321566 [extremes]: model -147791, RTL -147806
                first v mismatch at frame 321566 [extremes]: model -147787, RTL -147802
                first out_v mismatch at frame 321566 [extremes]: model -295570, RTL -295600
              verify_voice: deadline at launch cycle 8: worst strobe cycle 224 (slack 30), worst last-busy cycle 223 (slack 32)
==============================================================================
10/13 passed  --  NO-VERDICT /home/ubuntu/work/venv/bin/python rtl-sketch; FAIL /home/ubuntu/work/venv/bin/python rtl-sketch; FAIL /home/ubuntu/work/venv/bin/python rtl-sketch
runall_exit=1
