Copyright 1986-2022 Xilinx, Inc. All Rights Reserved. Copyright 2022-2025 Advanced Micro Devices, Inc. All Rights Reserved.
---------------------------------------------------------------------------------------------------------------------------------------------
| Tool Version : Vivado v.2025.1 (lin64) Build 6140274 Wed May 21 22:58:25 MDT 2025
| Date         : Tue Sep 22 02:48:16 2026
| Host         : omitted from public report
| Command      : report_timing_summary -check_timing_verbose -file /home/ubuntu/parasynth-arty-attempt02/build/arty/timing.rpt
| Design       : arty_a7_top
| Device       : 7a100t-csg324
| Speed File   : -1  PRODUCTION 1.23 2018-06-13
| Design State : Routed
---------------------------------------------------------------------------------------------------------------------------------------------

Timing Summary Report

------------------------------------------------------------------------------------------------
| Timer Settings
| --------------
------------------------------------------------------------------------------------------------

  Enable Multi Corner Analysis               :  Yes
  Enable Pessimism Removal                   :  Yes
  Pessimism Removal Resolution               :  Nearest Common Node
  Enable Input Delay Default Clock           :  No
  Enable Preset / Clear Arcs                 :  No
  Disable Flight Delays                      :  No
  Ignore I/O Paths                           :  No
  Timing Early Launch at Borrowing Latches   :  No
  Borrow Time for Max Delay Exceptions       :  Yes
  Merge Timing Exceptions                    :  Yes
  Inter-SLR Compensation                     :  Conservative

  Corner  Analyze    Analyze    
  Name    Max Paths  Min Paths  
  ------  ---------  ---------  
  Slow    Yes        Yes        
  Fast    Yes        Yes        


------------------------------------------------------------------------------------------------
| Report Methodology
| ------------------
------------------------------------------------------------------------------------------------

No report available as report_methodology has not been run prior. Run report_methodology on the current design for the summary of methodology violations.



check_timing report

Table of Contents
-----------------
1. checking no_clock (0)
2. checking constant_clock (0)
3. checking pulse_width_clock (0)
4. checking unconstrained_internal_endpoints (0)
5. checking no_input_delay (4)
6. checking no_output_delay (7)
7. checking multiple_clock (0)
8. checking generated_clocks (0)
9. checking loops (0)
10. checking partial_input_delay (0)
11. checking partial_output_delay (0)
12. checking latch_loops (0)

1. checking no_clock (0)
------------------------
 There are 0 register/latch pins with no clock.


2. checking constant_clock (0)
------------------------------
 There are 0 register/latch pins with constant_clock.


3. checking pulse_width_clock (0)
---------------------------------
 There are 0 register/latch pins which need pulse_width check


4. checking unconstrained_internal_endpoints (0)
------------------------------------------------
 There are 0 pins that are not constrained for maximum delay.

 There are 0 pins that are not constrained for maximum delay due to constant clock.


5. checking no_input_delay (4)
------------------------------
 There are 0 input ports with no input delay specified.

 There are 4 input ports with no input delay but user has a false path constraint. (MEDIUM)

btn_reset
spi_cs_n
spi_mosi
spi_sck


6. checking no_output_delay (7)
-------------------------------
 There are 7 ports with no output delay specified. (HIGH)

i2s_bclk
i2s_lrclk
i2s_sdata
led[1]
led[2]
led[3]
spi_miso

 There are 0 ports with no output delay but user has a false path constraint

 There are 0 ports with no output delay but with a timing clock defined on it or propagating through it


7. checking multiple_clock (0)
------------------------------
 There are 0 register/latch pins with multiple clocks.


8. checking generated_clocks (0)
--------------------------------
 There are 0 generated clocks that are not connected to a clock source.


9. checking loops (0)
---------------------
 There are 0 combinational loops in the design.


10. checking partial_input_delay (0)
------------------------------------
 There are 0 input ports with partial input delay specified.


11. checking partial_output_delay (0)
-------------------------------------
 There are 0 ports with partial output delay specified.


12. checking latch_loops (0)
----------------------------
 There are 0 combinational latch loops in the design through latch input



------------------------------------------------------------------------------------------------
| Design Timing Summary
| ---------------------
------------------------------------------------------------------------------------------------

    WNS(ns)      TNS(ns)  TNS Failing Endpoints  TNS Total Endpoints      WHS(ns)      THS(ns)  THS Failing Endpoints  THS Total Endpoints     WPWS(ns)     TPWS(ns)  TPWS Failing Endpoints  TPWS Total Endpoints  
    -------      -------  ---------------------  -------------------      -------      -------  ---------------------  -------------------     --------     --------  ----------------------  --------------------  
     46.498        0.000                      0                38304        0.050        0.000                      0                38304        3.000        0.000                       0                 12247  


All user specified timing constraints are met.


------------------------------------------------------------------------------------------------
| Clock Summary
| -------------
------------------------------------------------------------------------------------------------

Clock                          Waveform(ns)       Period(ns)      Frequency(MHz)
-----                          ------------       ----------      --------------
clk100                         {0.000 5.000}      10.000          100.000         
  hardware_clock.clock_raw     {0.000 40.690}     81.380          12.288          
  hardware_clock.feedback_raw  {0.000 25.000}     50.000          20.000          


------------------------------------------------------------------------------------------------
| Intra Clock Table
| -----------------
------------------------------------------------------------------------------------------------

Clock                              WNS(ns)      TNS(ns)  TNS Failing Endpoints  TNS Total Endpoints      WHS(ns)      THS(ns)  THS Failing Endpoints  THS Total Endpoints     WPWS(ns)     TPWS(ns)  TPWS Failing Endpoints  TPWS Total Endpoints  
-----                              -------      -------  ---------------------  -------------------      -------      -------  ---------------------  -------------------     --------     --------  ----------------------  --------------------  
clk100                                                                                                                                                                           3.000        0.000                       0                     1  
  hardware_clock.clock_raw          46.498        0.000                      0                38304        0.050        0.000                      0                38304       39.710        0.000                       0                 12243  
  hardware_clock.feedback_raw                                                                                                                                                   47.845        0.000                       0                     3  


------------------------------------------------------------------------------------------------
| Inter Clock Table
| -----------------
------------------------------------------------------------------------------------------------

From Clock    To Clock          WNS(ns)      TNS(ns)  TNS Failing Endpoints  TNS Total Endpoints      WHS(ns)      THS(ns)  THS Failing Endpoints  THS Total Endpoints  
----------    --------          -------      -------  ---------------------  -------------------      -------      -------  ---------------------  -------------------  


------------------------------------------------------------------------------------------------
| Other Path Groups Table
| -----------------------
------------------------------------------------------------------------------------------------

Path Group    From Clock    To Clock          WNS(ns)      TNS(ns)  TNS Failing Endpoints  TNS Total Endpoints      WHS(ns)      THS(ns)  THS Failing Endpoints  THS Total Endpoints  
----------    ----------    --------          -------      -------  ---------------------  -------------------      -------      -------  ---------------------  -------------------  


------------------------------------------------------------------------------------------------
| Timing Details
| --------------
------------------------------------------------------------------------------------------------


---------------------------------------------------------------------------------------------------
From Clock:  clk100
  To Clock:  clk100

Setup :           NA  Failing Endpoints,  Worst Slack           NA  ,  Total Violation           NA
Hold  :           NA  Failing Endpoints,  Worst Slack           NA  ,  Total Violation           NA
PW    :            0  Failing Endpoints,  Worst Slack        3.000ns,  Total Violation        0.000ns
---------------------------------------------------------------------------------------------------


Pulse Width Checks
--------------------------------------------------------------------------------------
Clock Name:         clk100
Waveform(ns):       { 0.000 5.000 }
Period(ns):         10.000
Sources:            { clk_100mhz }

Check Type        Corner  Lib Pin            Reference Pin  Required(ns)  Actual(ns)  Slack(ns)  Location         Pin
Min Period        n/a     MMCME2_ADV/CLKIN1  n/a            1.249         10.000      8.751      MMCME2_ADV_X1Y2  hardware_clock.mmcm/CLKIN1
Max Period        n/a     MMCME2_ADV/CLKIN1  n/a            100.000       10.000      90.000     MMCME2_ADV_X1Y2  hardware_clock.mmcm/CLKIN1
Low Pulse Width   Slow    MMCME2_ADV/CLKIN1  n/a            2.000         5.000       3.000      MMCME2_ADV_X1Y2  hardware_clock.mmcm/CLKIN1
High Pulse Width  Slow    MMCME2_ADV/CLKIN1  n/a            2.000         5.000       3.000      MMCME2_ADV_X1Y2  hardware_clock.mmcm/CLKIN1



---------------------------------------------------------------------------------------------------
From Clock:  hardware_clock.clock_raw
  To Clock:  hardware_clock.clock_raw

Setup :            0  Failing Endpoints,  Worst Slack       46.498ns,  Total Violation        0.000ns
Hold  :            0  Failing Endpoints,  Worst Slack        0.050ns,  Total Violation        0.000ns
PW    :            0  Failing Endpoints,  Worst Slack       39.710ns,  Total Violation        0.000ns
---------------------------------------------------------------------------------------------------


Max Delay Paths
--------------------------------------------------------------------------------------
Slack (MET) :             46.498ns  (required time - arrival time)
  Source:                 u_synth/u_voice/phase_os2_reg[1][2]/C
                            (rising edge-triggered cell FDRE clocked by hardware_clock.clock_raw  {rise@0.000ns fall@40.690ns period=81.380ns})
  Destination:            u_synth/u_voice/osc2_path/p1/pair/in_sample_reg[0]/D
                            (rising edge-triggered cell FDRE clocked by hardware_clock.clock_raw  {rise@0.000ns fall@40.690ns period=81.380ns})
  Path Group:             hardware_clock.clock_raw
  Path Type:              Setup (Max at Slow Process Corner)
  Requirement:            81.380ns  (hardware_clock.clock_raw rise@81.380ns - hardware_clock.clock_raw rise@0.000ns)
  Data Path Delay:        34.739ns  (logic 18.374ns (52.892%)  route 16.365ns (47.108%))
  Logic Levels:           28  (CARRY4=15 DSP48E1=3 LUT1=2 LUT2=2 LUT3=2 LUT4=2 LUT5=1 LUT6=1)
  Clock Path Skew:        -0.051ns (DCD - SCD + CPR)
    Destination Clock Delay (DCD):    -1.520ns = ( 79.860 - 81.380 ) 
    Source Clock Delay      (SCD):    -0.910ns
    Clock Pessimism Removal (CPR):    0.559ns
  Clock Uncertainty:      0.173ns  ((TSJ^2 + DJ^2)^1/2) / 2 + PE
    Total System Jitter     (TSJ):    0.071ns
    Discrete Jitter          (DJ):    0.339ns
    Phase Error              (PE):    0.000ns

    Location             Delay type                Incr(ns)  Path(ns)    Netlist Resource(s)
  -------------------------------------------------------------------    -------------------
                         (clock hardware_clock.clock_raw rise edge)
                                                      0.000     0.000 r  
    E3                                                0.000     0.000 r  clk_100mhz (IN)
                         net (fo=0)                   0.000     0.000    clk_100mhz
    E3                   IBUF (Prop_ibuf_I_O)         1.482     1.482 r  clk_100mhz_IBUF_inst/O
                         net (fo=1, routed)           1.233     2.715    clk_100mhz_IBUF
    MMCME2_ADV_X1Y2      MMCME2_ADV (Prop_mmcme2_adv_CLKIN1_CLKOUT0)
                                                     -7.070    -4.355 r  hardware_clock.mmcm/CLKOUT0
                         net (fo=1, routed)           1.719    -2.636    hardware_clock.clock_raw
    BUFGCTRL_X0Y16       BUFG (Prop_bufg_I_O)         0.096    -2.540 r  hardware_clock.core_buffer/O
                         net (fo=12258, routed)       1.630    -0.910    u_synth/u_voice/clk
    SLICE_X66Y61         FDRE                                         r  u_synth/u_voice/phase_os2_reg[1][2]/C
  -------------------------------------------------------------------    -------------------
    SLICE_X66Y61         FDRE (Prop_fdre_C_Q)         0.518    -0.392 r  u_synth/u_voice/phase_os2_reg[1][2]/Q
                         net (fo=13, routed)          2.354     1.962    u_synth/u_voice/osc2_path/p1/gen/phase[2]
    SLICE_X48Y69         LUT2 (Prop_lut2_I0_O)        0.124     2.086 r  u_synth/u_voice/osc2_path/p1/gen/c5__0_i_72/O
                         net (fo=1, routed)           0.000     2.086    u_synth/u_voice/osc2_path/p1/gen/c5__0_i_72_n_0
    SLICE_X48Y69         CARRY4 (Prop_carry4_S[2]_CO[3])
                                                      0.398     2.484 r  u_synth/u_voice/osc2_path/p1/gen/c5__0_i_56/CO[3]
                         net (fo=1, routed)           0.000     2.484    u_synth/u_voice/osc2_path/p1/gen/c5__0_i_56_n_0
    SLICE_X48Y70         CARRY4 (Prop_carry4_CI_CO[3])
                                                      0.114     2.598 r  u_synth/u_voice/osc2_path/p1/gen/scaled1_i_68/CO[3]
                         net (fo=1, routed)           0.000     2.598    u_synth/u_voice/osc2_path/p1/gen/scaled1_i_68_n_0
    SLICE_X48Y71         CARRY4 (Prop_carry4_CI_CO[3])
                                                      0.114     2.712 r  u_synth/u_voice/osc2_path/p1/gen/scaled1_i_45/CO[3]
                         net (fo=1, routed)           0.000     2.712    u_synth/u_voice/osc2_path/p1/gen/scaled1_i_45_n_0
    SLICE_X48Y72         CARRY4 (Prop_carry4_CI_CO[3])
                                                      0.114     2.826 r  u_synth/u_voice/osc2_path/p1/gen/scaled1_i_40/CO[3]
                         net (fo=1, routed)           0.000     2.826    u_synth/u_voice/osc2_path/p1/gen/scaled1_i_40_n_0
    SLICE_X48Y73         CARRY4 (Prop_carry4_CI_O[2])
                                                      0.239     3.065 r  u_synth/u_voice/osc2_path/p1/gen/scaled1_i_35/O[2]
                         net (fo=10, routed)          1.628     4.693    u_synth/u_voice/osc2_path/p1/gen/scaled1_i_35_n_5
    SLICE_X33Y74         LUT6 (Prop_lut6_I0_O)        0.302     4.995 r  u_synth/u_voice/osc2_path/p1/gen/c5__0_i_52/O
                         net (fo=2, routed)           0.811     5.806    u_synth/u_voice/osc2_path/p1/gen/c5__0_i_52_n_0
    SLICE_X34Y73         LUT3 (Prop_lut3_I0_O)        0.148     5.954 r  u_synth/u_voice/osc2_path/p1/gen/c5__0_i_33/O
                         net (fo=2, routed)           0.620     6.575    u_synth/u_voice/osc2_path/p1/gen/c5__0_i_33_n_0
    SLICE_X34Y72         LUT5 (Prop_lut5_I0_O)        0.328     6.903 r  u_synth/u_voice/osc2_path/p1/gen/c5__0_i_13/O
                         net (fo=1, routed)           1.420     8.323    u_synth/u_voice/osc2_path/p1/gen/c5__0_i_13_n_0
    DSP48_X0Y29          DSP48E1 (Prop_dsp48e1_A[3]_P[15])
                                                      3.841    12.164 f  u_synth/u_voice/osc2_path/p1/gen/c5__0/P[15]
                         net (fo=3, routed)           0.831    12.995    u_synth/u_voice/osc2_path/p1/gen/c5__0_n_90
    SLICE_X13Y70         LUT1 (Prop_lut1_I0_O)        0.124    13.119 r  u_synth/u_voice/osc2_path/p1/gen/c2__0_i_16/O
                         net (fo=1, routed)           0.189    13.308    u_synth/u_voice/osc2_path/p1/gen/c2__0_i_16_n_0
    SLICE_X12Y70         CARRY4 (Prop_carry4_CYINIT_CO[3])
                                                      0.595    13.903 r  u_synth/u_voice/osc2_path/p1/gen/c2__0_i_4/CO[3]
                         net (fo=1, routed)           0.000    13.903    u_synth/u_voice/osc2_path/p1/gen/c2__0_i_4_n_0
    SLICE_X12Y71         CARRY4 (Prop_carry4_CI_CO[3])
                                                      0.117    14.020 r  u_synth/u_voice/osc2_path/p1/gen/c2__0_i_3/CO[3]
                         net (fo=1, routed)           0.000    14.020    u_synth/u_voice/osc2_path/p1/gen/c2__0_i_3_n_0
    SLICE_X12Y72         CARRY4 (Prop_carry4_CI_CO[3])
                                                      0.117    14.137 r  u_synth/u_voice/osc2_path/p1/gen/c2__0_i_2/CO[3]
                         net (fo=1, routed)           0.000    14.137    u_synth/u_voice/osc2_path/p1/gen/c2__0_i_2_n_0
    SLICE_X12Y73         CARRY4 (Prop_carry4_CI_CO[3])
                                                      0.117    14.254 r  u_synth/u_voice/osc2_path/p1/gen/c2__0_i_1/CO[3]
                         net (fo=2, routed)           1.046    15.300    u_synth/u_voice/osc2_path/p1/gen/c2__0_i_1_n_0
    DSP48_X0Y28          DSP48E1 (Prop_dsp48e1_A[16]_P[17])
                                                      3.841    19.141 f  u_synth/u_voice/osc2_path/p1/gen/c2__0/P[17]
                         net (fo=2, routed)           1.516    20.657    u_synth/u_voice/osc2_path/p1/gen/c2__0_n_88
    SLICE_X38Y70         LUT1 (Prop_lut1_I0_O)        0.124    20.781 r  u_synth/u_voice/osc2_path/p1/gen/scaled1_i_99/O
                         net (fo=1, routed)           0.190    20.971    u_synth/u_voice/osc2_path/p1/gen/scaled1_i_99_n_0
    SLICE_X39Y70         CARRY4 (Prop_carry4_CYINIT_CO[3])
                                                      0.580    21.551 r  u_synth/u_voice/osc2_path/p1/gen/scaled1_i_67/CO[3]
                         net (fo=1, routed)           0.000    21.551    u_synth/u_voice/osc2_path/p1/gen/scaled1_i_67_n_0
    SLICE_X39Y71         CARRY4 (Prop_carry4_CI_CO[3])
                                                      0.114    21.665 r  u_synth/u_voice/osc2_path/p1/gen/scaled1_i_62/CO[3]
                         net (fo=1, routed)           0.000    21.665    u_synth/u_voice/osc2_path/p1/gen/scaled1_i_62_n_0
    SLICE_X39Y72         CARRY4 (Prop_carry4_CI_CO[3])
                                                      0.114    21.779 r  u_synth/u_voice/osc2_path/p1/gen/scaled1_i_57/CO[3]
                         net (fo=1, routed)           0.000    21.779    u_synth/u_voice/osc2_path/p1/gen/scaled1_i_57_n_0
    SLICE_X39Y73         CARRY4 (Prop_carry4_CI_O[2])
                                                      0.239    22.018 f  u_synth/u_voice/osc2_path/p1/gen/scaled1_i_56/O[2]
                         net (fo=3, routed)           1.029    23.047    u_synth/u_voice/osc2_path/p1/gen/scaled1_i_56_n_5
    SLICE_X49Y75         LUT4 (Prop_lut4_I0_O)        0.302    23.349 r  u_synth/u_voice/osc2_path/p1/gen/scaled1_i_73/O
                         net (fo=1, routed)           0.538    23.888    u_synth/u_voice/osc2_path/p1/gen/scaled1_i_73_n_0
    SLICE_X46Y74         CARRY4 (Prop_carry4_DI[0]_O[1])
                                                      0.422    24.310 r  u_synth/u_voice/osc2_path/p1/gen/scaled1_i_50/O[1]
                         net (fo=4, routed)           0.972    25.281    u_synth/u_voice/osc2_path/p1/gen/scaled1_i_50_n_6
    SLICE_X50Y73         LUT2 (Prop_lut2_I1_O)        0.306    25.587 r  u_synth/u_voice/osc2_path/p1/gen/scaled1_i_25/O
                         net (fo=1, routed)           0.000    25.587    u_synth/u_voice/osc2_path/p1/gen/scaled1_i_25_n_0
    SLICE_X50Y73         CARRY4 (Prop_carry4_S[1]_CO[1])
                                                      0.492    26.079 f  u_synth/u_voice/osc2_path/p1/gen/scaled1_i_17/CO[1]
                         net (fo=16, routed)          1.215    27.294    u_synth/u_voice/osc2_path/p1/gen/scaled1_i_17_n_2
    SLICE_X52Y69         LUT3 (Prop_lut3_I0_O)        0.362    27.656 r  u_synth/u_voice/osc2_path/p1/gen/scaled1_i_3/O
                         net (fo=1, routed)           0.719    28.375    u_synth/u_voice/osc2_path/p1/gen/scaled1_i_3_n_0
    DSP48_X1Y27          DSP48E1 (Prop_dsp48e1_A[13]_P[15])
                                                      4.044    32.419 r  u_synth/u_voice/osc2_path/p1/gen/scaled1/P[15]
                         net (fo=1, routed)           1.287    33.705    u_synth/u_voice/osc2_path/p1/pair/sample1[0]
    SLICE_X56Y63         LUT4 (Prop_lut4_I1_O)        0.124    33.829 r  u_synth/u_voice/osc2_path/p1/pair/in_sample[0]_i_1/O
                         net (fo=1, routed)           0.000    33.829    u_synth/u_voice/osc2_path/p1/pair/in_sample[0]_i_1_n_0
    SLICE_X56Y63         FDRE                                         r  u_synth/u_voice/osc2_path/p1/pair/in_sample_reg[0]/D
  -------------------------------------------------------------------    -------------------

                         (clock hardware_clock.clock_raw rise edge)
                                                     81.380    81.380 r  
    E3                                                0.000    81.380 r  clk_100mhz (IN)
                         net (fo=0)                   0.000    81.380    clk_100mhz
    E3                   IBUF (Prop_ibuf_I_O)         1.411    82.791 r  clk_100mhz_IBUF_inst/O
                         net (fo=1, routed)           1.162    83.953    clk_100mhz_IBUF
    MMCME2_ADV_X1Y2      MMCME2_ADV (Prop_mmcme2_adv_CLKIN1_CLKOUT0)
                                                     -7.324    76.630 r  hardware_clock.mmcm/CLKOUT0
                         net (fo=1, routed)           1.639    78.269    hardware_clock.clock_raw
    BUFGCTRL_X0Y16       BUFG (Prop_bufg_I_O)         0.091    78.360 r  hardware_clock.core_buffer/O
                         net (fo=12258, routed)       1.500    79.860    u_synth/u_voice/osc2_path/p1/pair/clk
    SLICE_X56Y63         FDRE                                         r  u_synth/u_voice/osc2_path/p1/pair/in_sample_reg[0]/C
                         clock pessimism              0.559    80.420    
                         clock uncertainty           -0.173    80.247    
    SLICE_X56Y63         FDRE (Setup_fdre_C_D)        0.081    80.328    u_synth/u_voice/osc2_path/p1/pair/in_sample_reg[0]
  -------------------------------------------------------------------
                         required time                         80.328    
                         arrival time                         -33.829    
  -------------------------------------------------------------------
                         slack                                 46.498    





Min Delay Paths
--------------------------------------------------------------------------------------
Slack (MET) :             0.050ns  (arrival time - required time)
  Source:                 u_synth/u_voice/osc2_path/p0/pair/dec/x_reg[22][0]/C
                            (rising edge-triggered cell FDRE clocked by hardware_clock.clock_raw  {rise@0.000ns fall@40.690ns period=81.380ns})
  Destination:            u_synth/u_voice/osc2_path/p0/pair/dec/x_reg[23][0]/D
                            (rising edge-triggered cell FDRE clocked by hardware_clock.clock_raw  {rise@0.000ns fall@40.690ns period=81.380ns})
  Path Group:             hardware_clock.clock_raw
  Path Type:              Hold (Min at Fast Process Corner)
  Requirement:            0.000ns  (hardware_clock.clock_raw rise@0.000ns - hardware_clock.clock_raw rise@0.000ns)
  Data Path Delay:        0.333ns  (logic 0.128ns (38.454%)  route 0.205ns (61.546%))
  Logic Levels:           0  
  Clock Path Skew:        0.266ns (DCD - SCD - CPR)
    Destination Clock Delay (DCD):    -0.771ns
    Source Clock Delay      (SCD):    -0.537ns
    Clock Pessimism Removal (CPR):    -0.501ns

    Location             Delay type                Incr(ns)  Path(ns)    Netlist Resource(s)
  -------------------------------------------------------------------    -------------------
                         (clock hardware_clock.clock_raw rise edge)
                                                      0.000     0.000 r  
    E3                                                0.000     0.000 r  clk_100mhz (IN)
                         net (fo=0)                   0.000     0.000    clk_100mhz
    E3                   IBUF (Prop_ibuf_I_O)         0.250     0.250 r  clk_100mhz_IBUF_inst/O
                         net (fo=1, routed)           0.440     0.690    clk_100mhz_IBUF
    MMCME2_ADV_X1Y2      MMCME2_ADV (Prop_mmcme2_adv_CLKIN1_CLKOUT0)
                                                     -2.379    -1.689 r  hardware_clock.mmcm/CLKOUT0
                         net (fo=1, routed)           0.499    -1.190    hardware_clock.clock_raw
    BUFGCTRL_X0Y16       BUFG (Prop_bufg_I_O)         0.026    -1.164 r  hardware_clock.core_buffer/O
                         net (fo=12258, routed)       0.627    -0.537    u_synth/u_voice/osc2_path/p0/pair/dec/clk
    SLICE_X52Y12         FDRE                                         r  u_synth/u_voice/osc2_path/p0/pair/dec/x_reg[22][0]/C
  -------------------------------------------------------------------    -------------------
    SLICE_X52Y12         FDRE (Prop_fdre_C_Q)         0.128    -0.409 r  u_synth/u_voice/osc2_path/p0/pair/dec/x_reg[22][0]/Q
                         net (fo=2, routed)           0.205    -0.204    u_synth/u_voice/osc2_path/p0/pair/dec/x_reg[22][0]
    SLICE_X48Y13         FDRE                                         r  u_synth/u_voice/osc2_path/p0/pair/dec/x_reg[23][0]/D
  -------------------------------------------------------------------    -------------------

                         (clock hardware_clock.clock_raw rise edge)
                                                      0.000     0.000 r  
    E3                                                0.000     0.000 r  clk_100mhz (IN)
                         net (fo=0)                   0.000     0.000    clk_100mhz
    E3                   IBUF (Prop_ibuf_I_O)         0.438     0.438 r  clk_100mhz_IBUF_inst/O
                         net (fo=1, routed)           0.480     0.918    clk_100mhz_IBUF
    MMCME2_ADV_X1Y2      MMCME2_ADV (Prop_mmcme2_adv_CLKIN1_CLKOUT0)
                                                     -3.163    -2.245 r  hardware_clock.mmcm/CLKOUT0
                         net (fo=1, routed)           0.544    -1.702    hardware_clock.clock_raw
    BUFGCTRL_X0Y16       BUFG (Prop_bufg_I_O)         0.029    -1.673 r  hardware_clock.core_buffer/O
                         net (fo=12258, routed)       0.902    -0.771    u_synth/u_voice/osc2_path/p0/pair/dec/clk
    SLICE_X48Y13         FDRE                                         r  u_synth/u_voice/osc2_path/p0/pair/dec/x_reg[23][0]/C
                         clock pessimism              0.501    -0.271    
    SLICE_X48Y13         FDRE (Hold_fdre_C_D)         0.017    -0.254    u_synth/u_voice/osc2_path/p0/pair/dec/x_reg[23][0]
  -------------------------------------------------------------------
                         required time                          0.254    
                         arrival time                          -0.204    
  -------------------------------------------------------------------
                         slack                                  0.050    





Pulse Width Checks
--------------------------------------------------------------------------------------
Clock Name:         hardware_clock.clock_raw
Waveform(ns):       { 0.000 40.690 }
Period(ns):         81.380
Sources:            { hardware_clock.mmcm/CLKOUT0 }

Check Type        Corner  Lib Pin             Reference Pin  Required(ns)  Actual(ns)  Slack(ns)  Location         Pin
Min Period        n/a     BUFG/I              n/a            2.155         81.380      79.225     BUFGCTRL_X0Y16   hardware_clock.core_buffer/I
Max Period        n/a     MMCME2_ADV/CLKOUT0  n/a            213.360       81.380      131.980    MMCME2_ADV_X1Y2  hardware_clock.mmcm/CLKOUT0
Low Pulse Width   Slow    SRL16E/CLK          n/a            0.980         40.690      39.710     SLICE_X34Y83     u_synth/u_spi/sr_reg[30]_srl4___sr_reg_r_8/CLK
High Pulse Width  Slow    SRL16E/CLK          n/a            0.980         40.690      39.710     SLICE_X34Y83     u_synth/u_spi/sr_reg[30]_srl4___sr_reg_r_8/CLK



---------------------------------------------------------------------------------------------------
From Clock:  hardware_clock.feedback_raw
  To Clock:  hardware_clock.feedback_raw

Setup :           NA  Failing Endpoints,  Worst Slack           NA  ,  Total Violation           NA
Hold  :           NA  Failing Endpoints,  Worst Slack           NA  ,  Total Violation           NA
PW    :            0  Failing Endpoints,  Worst Slack       47.845ns,  Total Violation        0.000ns
---------------------------------------------------------------------------------------------------


Pulse Width Checks
--------------------------------------------------------------------------------------
Clock Name:         hardware_clock.feedback_raw
Waveform(ns):       { 0.000 25.000 }
Period(ns):         50.000
Sources:            { hardware_clock.mmcm/CLKFBOUT }

Check Type  Corner  Lib Pin             Reference Pin  Required(ns)  Actual(ns)  Slack(ns)  Location         Pin
Min Period  n/a     BUFG/I              n/a            2.155         50.000      47.845     BUFGCTRL_X0Y17   hardware_clock.feedback_buffer/I
Max Period  n/a     MMCME2_ADV/CLKFBIN  n/a            100.000       50.000      50.000     MMCME2_ADV_X1Y2  hardware_clock.mmcm/CLKFBIN



