Info: constraining clock net 'clk_25mhz' to 25.00 MHz

Info: Logic utilisation before packing:
Info:     Total LUT4s:     29579/24288   121%
Info:         logic LUTs:  23469/24288    96%
Info:         carry LUTs:   6110/24288    25%
Info:           RAM LUTs:      0/ 3036     0%
Info:          RAMW LUTs:      0/ 6072     0%

Info:      Total DFFs:     14008/24288    57%

Info: Packing IOs..
Info: pin 'wifi_gpio0$tr_io' constrained to Bel 'X0/Y41/PIOD'.
Info: pin 'spi_sck$tr_io' constrained to Bel 'X29/Y0/PIOB'.
Info: pin 'spi_mosi$tr_io' constrained to Bel 'X27/Y0/PIOB'.
Info: pin 'spi_miso$tr_io' constrained to Bel 'X24/Y0/PIOB'.
Info: pin 'spi_cs_n$tr_io' constrained to Bel 'X22/Y0/PIOB'.
Info: pin 'led[7]$tr_io' constrained to Bel 'X0/Y20/PIOD'.
Info: pin 'led[6]$tr_io' constrained to Bel 'X0/Y17/PIOD'.
Info: pin 'led[5]$tr_io' constrained to Bel 'X0/Y23/PIOD'.
Info: pin 'led[4]$tr_io' constrained to Bel 'X0/Y17/PIOB'.
Info: pin 'led[3]$tr_io' constrained to Bel 'X0/Y17/PIOC'.
Info: pin 'led[2]$tr_io' constrained to Bel 'X0/Y17/PIOA'.
Info: pin 'led[1]$tr_io' constrained to Bel 'X0/Y14/PIOD'.
Info: pin 'led[0]$tr_io' constrained to Bel 'X0/Y14/PIOC'.
Info: pin 'i2s_sdata$tr_io' constrained to Bel 'X24/Y0/PIOA'.
Info: pin 'i2s_lrclk$tr_io' constrained to Bel 'X27/Y0/PIOA'.
Info: pin 'i2s_bclk$tr_io' constrained to Bel 'X29/Y0/PIOA'.
Info: pin 'clk_25mhz$tr_io' constrained to Bel 'X0/Y26/PIOA'.
Info: pin 'btn_fire1$tr_io' constrained to Bel 'X4/Y50/PIOA'.
Info: placed PLL 'g_pll.pll_i' at bel 'X2/Y49/EHXPLL_LL'
Info: Packing constants..
Info: Packing carries...
Info: Packing LUTs...
Info: Packing LUT5-7s...
Info: Packing FFs...
Info:     2371 FFs paired with LUTs.
Info: Generating derived timing constraints...
Info:     Input frequency of PLL 'g_pll.pll_i' is constrained to 25.0 MHz
Info:     Derived frequency constraint of 25.0 MHz for net g_pll.clkop_unused
Info:     Derived frequency constraint of 12.3 MHz for net clk_core
Info: Promoting globals...
Info:     promoting clock net clk_core to global network
Info: Checksum: 0xad21f884

Info: Device utilisation:
Info: 	          TRELLIS_IO:      18/    197     9%
Info: 	                DCCA:       1/     56     1%
Info: 	              DP16KD:       0/     56     0%
Info: 	          MULT18X18D:     104/     28   371%
Info: 	              ALU54B:       0/     14     0%
Info: 	             EHXPLLL:       1/      2    50%
Info: 	             EXTREFB:       0/      1     0%
Info: 	                DCUA:       0/      1     0%
Info: 	           PCSCLKDIV:       0/      2     0%
Info: 	             IOLOGIC:       0/    128     0%
Info: 	            SIOLOGIC:       0/     69     0%
Info: 	                 GSR:       0/      1     0%
Info: 	               JTAGG:       0/      1     0%
Info: 	                OSCG:       0/      1     0%
Info: 	               SEDGA:       0/      1     0%
Info: 	                 DTR:       0/      1     0%
Info: 	             USRMCLK:       0/      1     0%
Info: 	             CLKDIVF:       0/      4     0%
Info: 	           ECLKSYNCB:       0/     10     0%
Info: 	             DLLDELD:       0/      8     0%
Info: 	              DDRDLL:       0/      4     0%
Info: 	             DQSBUFM:       0/      8     0%
Info: 	     TRELLIS_ECLKBUF:       0/      8     0%
Info: 	        ECLKBRIDGECS:       0/      2     0%
Info: 	                DCSC:       0/      2     0%
Info: 	          TRELLIS_FF:   14008/  24288    57%
Info: 	        TRELLIS_COMB:   30803/  24288   126%
Info: 	        TRELLIS_RAMW:       0/   3036     0%

Info: Placed 19 cells based on constraints.
ERROR: Unable to place cell 'u_synth.u_voice.decimated_voice_y_LUT4_Z_4_B_CCU2C_S1_COUT_CCU2C_CIN_S1_CCU2C_S1_COUT_CCU2C_CIN_S0_CCU2C_S1_COUT_CCU2C_CIN_S1_CCU2C_S1_COUT_CCU2C_CIN_S0_CCU2C_S1_COUT_CCU2C_CIN_S1_CCU2C_S1_COUT_CCU2C_CIN_A1_LUT4_Z_D_LUT4_Z_A_LUT4_Z_D_LUT4_Z_D_CCU2C_S1_S0_CCU2C_S1_S0_CCU2C_S1_S0_CCU2C_S1_S0_CCU2C_S1_S0_CCU2C_S1_S0_CCU2C_S1_S0_CCU2C_S1_S0_CCU2C_S1_S0_CCU2C_S1_S0_CCU2C_S1_S0_CCU2C_S1_S0_CCU2C_S1_S0_CCU2C_S1_S0_CCU2C_S1_S0_CCU2C_S1_S0_CCU2C_S1_S0_CCU2C_S1_S0_CCU2C_S1_S0_CCU2C_S1_1_S0_CCU2C_S1_S0_CCU2C_S0_S1_CCU2C_S0_S1_CCU2C_S0_S1_CCU2C_S0_S1_CCU2C_S0_S1_CCU2C_S0_S1_CCU2C_S0_S1_CCU2C_S0_S1_CCU2C_S0_A1_CCU2C_S1_B1_MULT18X18D_P27', no BELs remaining to implement cell type 'MULT18X18D'
0 warnings, 1 error
